../Core/Src/main.c:113:16:DFSDM32_to_PCM16	3
../Core/Src/main.c:129:13:PackAndSendFrame	3
../Core/Src/main.c:159:6:CDC_TransmitCplt_FS	1
../Core/Src/main.c:172:5:main	17
../Core/Src/main.c:284:6:SystemClock_Config	3
../Core/Src/main.c:333:13:MX_CRC_Init	2
../Core/Src/main.c:359:13:MX_DFSDM2_Init	13
../Core/Src/main.c:506:13:MX_DMA_Init	1
../Core/Src/main.c:533:13:MX_GPIO_Init	1
../Core/Src/main.c:595:6:HAL_DFSDM_FilterRegConvHalfCpltCallback	5
../Core/Src/main.c:603:6:HAL_DFSDM_FilterRegConvCpltCallback	5
../Core/Src/main.c:617:6:Error_Handler	1
