../Core/Src/main.c:97:16:DFSDM32_to_PCM16	16	static
../Core/Src/main.c:111:13:PackAndSendFrame	32	static
../Core/Src/main.c:134:6:CDC_TransmitCplt_FS	24	static
../Core/Src/main.c:147:5:main	8	static
../Core/Src/main.c:233:6:SystemClock_Config	88	static
../Core/Src/main.c:282:13:MX_CRC_Init	8	static
../Core/Src/main.c:308:13:MX_DFSDM1_Init	8	static
../Core/Src/main.c:391:13:MX_DMA_Init	16	static
../Core/Src/main.c:412:13:MX_GPIO_Init	56	static
../Core/Src/main.c:473:6:HAL_DFSDM_FilterRegConvHalfCpltCallback	16	static
../Core/Src/main.c:479:6:HAL_DFSDM_FilterRegConvCpltCallback	16	static
../Core/Src/main.c:491:6:Error_Handler	4	static,ignoring_inline_asm
