../Core/Src/main.c:85:14:PeriphCommonClock_Config	200	static
../Core/Src/main.c:108:7:USB_Send_PCM_4CH	32	static
../Core/Src/main.c:140:7:USB_Send_PCM_2CH	32	static
../Core/Src/main.c:169:7:USB_Send_PCM_1CH	24	static
../Core/Src/main.c:195:7:PDM_Deinterleave_4_mics	32	static
../Core/Src/main.c:205:7:PDM_Deinterleave_2_mics	32	static
../Core/Src/main.c:215:7:PCM_Deinterleave_2_mics	32	static
../Core/Src/main.c:223:7:USB_Send_Raw_PDM	88	static
../Core/Src/main.c:240:7:USB_Send_PCM_Interleaved_2CH	24	static
../Core/Src/main.c:266:5:main	8	static
../Core/Src/main.c:495:6:SystemClock_Config	120	static
../Core/Src/main.c:558:13:MX_CRC_Init	8	static
../Core/Src/main.c:590:13:MX_SAI1_Init	8	static
../Core/Src/main.c:639:13:MX_DMA_Init	16	static
../Core/Src/main.c:657:13:MX_GPIO_Init	24	static
../Core/Src/main.c:678:6:HAL_SAI_RxHalfCpltCallback	16	static
../Core/Src/main.c:685:6:HAL_SAI_RxCpltCallback	16	static
../Core/Src/main.c:698:6:Error_Handler	4	static,ignoring_inline_asm
