../Core/Src/main.c:85:14:PeriphCommonClock_Config	2
../Core/Src/main.c:108:7:USB_Send_PCM_4CH	4
../Core/Src/main.c:140:7:USB_Send_PCM_2CH	4
../Core/Src/main.c:169:7:USB_Send_PCM_1CH	4
../Core/Src/main.c:195:7:PDM_Deinterleave_4_mics	2
../Core/Src/main.c:207:7:PCM_Deinterleave_2_mics	2
../Core/Src/main.c:215:7:USB_Send_Raw_PDM	2
../Core/Src/main.c:232:7:USB_Send_PCM_Interleaved_2CH	3
../Core/Src/main.c:258:5:main	5
../Core/Src/main.c:479:6:SystemClock_Config	4
../Core/Src/main.c:542:13:MX_CRC_Init	2
../Core/Src/main.c:574:13:MX_SAI1_Init	2
../Core/Src/main.c:623:13:MX_DMA_Init	1
../Core/Src/main.c:641:13:MX_GPIO_Init	1
../Core/Src/main.c:662:6:HAL_SAI_RxHalfCpltCallback	2
../Core/Src/main.c:669:6:HAL_SAI_RxCpltCallback	2
../Core/Src/main.c:682:6:Error_Handler	1
