../Core/Src/main.c:85:14:PeriphCommonClock_Config	200	static
../Core/Src/main.c:108:7:USB_Send_PCM_4CH	32	static
../Core/Src/main.c:140:7:USB_Send_PCM_2CH	32	static
../Core/Src/main.c:169:7:USB_Send_PCM_1CH	24	static
../Core/Src/main.c:195:7:PDM_Deinterleave_4_mics	32	static
../Core/Src/main.c:207:7:PCM_Deinterleave_2_mics	32	static
../Core/Src/main.c:215:7:USB_Send_Raw_PDM	88	static
../Core/Src/main.c:232:7:USB_Send_PCM_Interleaved_2CH	24	static
../Core/Src/main.c:258:5:main	8	static
../Core/Src/main.c:479:6:SystemClock_Config	120	static
../Core/Src/main.c:542:13:MX_CRC_Init	8	static
../Core/Src/main.c:574:13:MX_SAI1_Init	8	static
../Core/Src/main.c:623:13:MX_DMA_Init	16	static
../Core/Src/main.c:641:13:MX_GPIO_Init	24	static
../Core/Src/main.c:662:6:HAL_SAI_RxHalfCpltCallback	16	static
../Core/Src/main.c:669:6:HAL_SAI_RxCpltCallback	16	static
../Core/Src/main.c:682:6:Error_Handler	4	static,ignoring_inline_asm
