../Core/Src/main.c:114:6:FifoWrite	16	static
../Core/Src/main.c:119:10:FifoRead	16	static
../Core/Src/main.c:140:6:USB_Send_PCM_4CH	32	static
../Core/Src/main.c:193:5:main	32	static
../Core/Src/main.c:383:6:SystemClock_Config	88	static
../Core/Src/main.c:429:6:PeriphCommonClock_Config	104	static
../Core/Src/main.c:453:13:MX_CRC_Init	8	static
../Core/Src/main.c:480:13:MX_SAI1_Init	8	static
../Core/Src/main.c:555:13:MX_USART2_UART_Init	8	static
../Core/Src/main.c:586:13:MX_DMA_Init	16	static
../Core/Src/main.c:607:13:MX_GPIO_Init	48	static
../Core/Src/main.c:660:6:HAL_SAI_RxHalfCpltCallback	16	static
../Core/Src/main.c:669:6:HAL_SAI_RxCpltCallback	16	static
../Core/Src/main.c:684:6:Error_Handler	4	static,ignoring_inline_asm
