Archive member included to satisfy reference by file (symbol)

../Middlewares/ST/STM32_Audio/Addons/PDM/Lib\libPDMFilter_CM7_GCC_wc32.a(pdm_filter.o)
                              ./PDM2PCM/App/pdm2pcm.o (PDM_Filter_Init)
C:/ST/STM32CubeIDE_1.19.0/STM32CubeIDE/plugins/com.st.stm32cube.ide.mcu.externaltools.gnu-tools-for-stm32.14.3.rel1.win32_1.0.100.202602081740/tools/bin/../lib/gcc/arm-none-eabi/14.3.1/../../../../arm-none-eabi/lib/thumb/v7e-m+dp/hard\libc_nano.a(libc_a-exit.o)
                              C:/ST/STM32CubeIDE_1.19.0/STM32CubeIDE/plugins/com.st.stm32cube.ide.mcu.externaltools.gnu-tools-for-stm32.14.3.rel1.win32_1.0.100.202602081740/tools/bin/../lib/gcc/arm-none-eabi/14.3.1/../../../../arm-none-eabi/lib/thumb/v7e-m+dp/hard/crt0.o (exit)
C:/ST/STM32CubeIDE_1.19.0/STM32CubeIDE/plugins/com.st.stm32cube.ide.mcu.externaltools.gnu-tools-for-stm32.14.3.rel1.win32_1.0.100.202602081740/tools/bin/../lib/gcc/arm-none-eabi/14.3.1/../../../../arm-none-eabi/lib/thumb/v7e-m+dp/hard\libc_nano.a(libc_a-findfp.o)
                              C:/ST/STM32CubeIDE_1.19.0/STM32CubeIDE/plugins/com.st.stm32cube.ide.mcu.externaltools.gnu-tools-for-stm32.14.3.rel1.win32_1.0.100.202602081740/tools/bin/../lib/gcc/arm-none-eabi/14.3.1/../../../../arm-none-eabi/lib/thumb/v7e-m+dp/hard\libc_nano.a(libc_a-exit.o) (__stdio_exit_handler)
C:/ST/STM32CubeIDE_1.19.0/STM32CubeIDE/plugins/com.st.stm32cube.ide.mcu.externaltools.gnu-tools-for-stm32.14.3.rel1.win32_1.0.100.202602081740/tools/bin/../lib/gcc/arm-none-eabi/14.3.1/../../../../arm-none-eabi/lib/thumb/v7e-m+dp/hard\libc_nano.a(libc_a-fwalk.o)
                              C:/ST/STM32CubeIDE_1.19.0/STM32CubeIDE/plugins/com.st.stm32cube.ide.mcu.externaltools.gnu-tools-for-stm32.14.3.rel1.win32_1.0.100.202602081740/tools/bin/../lib/gcc/arm-none-eabi/14.3.1/../../../../arm-none-eabi/lib/thumb/v7e-m+dp/hard\libc_nano.a(libc_a-findfp.o) (_fwalk_sglue)
C:/ST/STM32CubeIDE_1.19.0/STM32CubeIDE/plugins/com.st.stm32cube.ide.mcu.externaltools.gnu-tools-for-stm32.14.3.rel1.win32_1.0.100.202602081740/tools/bin/../lib/gcc/arm-none-eabi/14.3.1/../../../../arm-none-eabi/lib/thumb/v7e-m+dp/hard\libc_nano.a(libc_a-stdio.o)
                              C:/ST/STM32CubeIDE_1.19.0/STM32CubeIDE/plugins/com.st.stm32cube.ide.mcu.externaltools.gnu-tools-for-stm32.14.3.rel1.win32_1.0.100.202602081740/tools/bin/../lib/gcc/arm-none-eabi/14.3.1/../../../../arm-none-eabi/lib/thumb/v7e-m+dp/hard\libc_nano.a(libc_a-findfp.o) (__sread)
C:/ST/STM32CubeIDE_1.19.0/STM32CubeIDE/plugins/com.st.stm32cube.ide.mcu.externaltools.gnu-tools-for-stm32.14.3.rel1.win32_1.0.100.202602081740/tools/bin/../lib/gcc/arm-none-eabi/14.3.1/../../../../arm-none-eabi/lib/thumb/v7e-m+dp/hard\libc_nano.a(libc_a-memset.o)
                              C:/ST/STM32CubeIDE_1.19.0/STM32CubeIDE/plugins/com.st.stm32cube.ide.mcu.externaltools.gnu-tools-for-stm32.14.3.rel1.win32_1.0.100.202602081740/tools/bin/../lib/gcc/arm-none-eabi/14.3.1/../../../../arm-none-eabi/lib/thumb/v7e-m+dp/hard/crt0.o (memset)
C:/ST/STM32CubeIDE_1.19.0/STM32CubeIDE/plugins/com.st.stm32cube.ide.mcu.externaltools.gnu-tools-for-stm32.14.3.rel1.win32_1.0.100.202602081740/tools/bin/../lib/gcc/arm-none-eabi/14.3.1/../../../../arm-none-eabi/lib/thumb/v7e-m+dp/hard\libc_nano.a(libc_a-closer.o)
                              C:/ST/STM32CubeIDE_1.19.0/STM32CubeIDE/plugins/com.st.stm32cube.ide.mcu.externaltools.gnu-tools-for-stm32.14.3.rel1.win32_1.0.100.202602081740/tools/bin/../lib/gcc/arm-none-eabi/14.3.1/../../../../arm-none-eabi/lib/thumb/v7e-m+dp/hard\libc_nano.a(libc_a-stdio.o) (_close_r)
C:/ST/STM32CubeIDE_1.19.0/STM32CubeIDE/plugins/com.st.stm32cube.ide.mcu.externaltools.gnu-tools-for-stm32.14.3.rel1.win32_1.0.100.202602081740/tools/bin/../lib/gcc/arm-none-eabi/14.3.1/../../../../arm-none-eabi/lib/thumb/v7e-m+dp/hard\libc_nano.a(libc_a-reent.o)
                              C:/ST/STM32CubeIDE_1.19.0/STM32CubeIDE/plugins/com.st.stm32cube.ide.mcu.externaltools.gnu-tools-for-stm32.14.3.rel1.win32_1.0.100.202602081740/tools/bin/../lib/gcc/arm-none-eabi/14.3.1/../../../../arm-none-eabi/lib/thumb/v7e-m+dp/hard\libc_nano.a(libc_a-closer.o) (errno)
C:/ST/STM32CubeIDE_1.19.0/STM32CubeIDE/plugins/com.st.stm32cube.ide.mcu.externaltools.gnu-tools-for-stm32.14.3.rel1.win32_1.0.100.202602081740/tools/bin/../lib/gcc/arm-none-eabi/14.3.1/../../../../arm-none-eabi/lib/thumb/v7e-m+dp/hard\libc_nano.a(libc_a-impure.o)
                              C:/ST/STM32CubeIDE_1.19.0/STM32CubeIDE/plugins/com.st.stm32cube.ide.mcu.externaltools.gnu-tools-for-stm32.14.3.rel1.win32_1.0.100.202602081740/tools/bin/../lib/gcc/arm-none-eabi/14.3.1/../../../../arm-none-eabi/lib/thumb/v7e-m+dp/hard\libc_nano.a(libc_a-reent.o) (_impure_ptr)
C:/ST/STM32CubeIDE_1.19.0/STM32CubeIDE/plugins/com.st.stm32cube.ide.mcu.externaltools.gnu-tools-for-stm32.14.3.rel1.win32_1.0.100.202602081740/tools/bin/../lib/gcc/arm-none-eabi/14.3.1/../../../../arm-none-eabi/lib/thumb/v7e-m+dp/hard\libc_nano.a(libc_a-lseekr.o)
[...]
Memory Configuration

Name             Origin             Length             Attributes
FLASH            0x08000000         0x00200000         xr
DTCMRAM          0x20000000         0x00020000         xrw
RAM_D1           0x24000000         0x00080000         xrw
RAM_D2           0x30000000         0x00048000         xrw
RAM_D3           0x38000000         0x00010000         xrw
ITCMRAM          0x00000000         0x00010000         xrw
*default*        0x00000000         0xffffffff

Linker script and memory map

LOAD C:/ST/STM32CubeIDE_1.19.0/STM32CubeIDE/plugins/com.st.stm32cube.ide.mcu.externaltools.gnu-tools-for-stm32.14.3.rel1.win32_1.0.100.202602081740/tools/bin/../lib/gcc/arm-none-eabi/14.3.1/thumb/v7e-m+dp/hard/crti.o
LOAD C:/ST/STM32CubeIDE_1.19.0/STM32CubeIDE/plugins/com.st.stm32cube.ide.mcu.externaltools.gnu-tools-for-stm32.14.3.rel1.win32_1.0.100.202602081740/tools/bin/../lib/gcc/arm-none-eabi/14.3.1/thumb/v7e-m+dp/hard/crtbegin.o
LOAD C:/ST/STM32CubeIDE_1.19.0/STM32CubeIDE/plugins/com.st.stm32cube.ide.mcu.externaltools.gnu-tools-for-stm32.14.3.rel1.win32_1.0.100.202602081740/tools/bin/../lib/gcc/arm-none-eabi/14.3.1/../../../../arm-none-eabi/lib/thumb/v7e-m+dp/hard/crt0.o
LOAD ./Core/Src/main.o
LOAD ./Core/Src/stm32h7xx_hal_msp.o
LOAD ./Core/Src/stm32h7xx_it.o
LOAD ./Core/Src/syscalls.o
LOAD ./Core/Src/sysmem.o
LOAD ./Core/Src/system_stm32h7xx.o
LOAD ./Core/Startup/startup_stm32h753zitx.o
LOAD ./Drivers/BSP/STM32H7xx_Nucleo/stm32h7xx_nucleo.o
LOAD ./Drivers/STM32H7xx_HAL_Driver/Src/stm32h7xx_hal.o
LOAD ./Drivers/STM32H7xx_HAL_Driver/Src/stm32h7xx_hal_cortex.o
LOAD ./Drivers/STM32H7xx_HAL_Driver/Src/stm32h7xx_hal_crc.o
LOAD ./Drivers/STM32H7xx_HAL_Driver/Src/stm32h7xx_hal_crc_ex.o
LOAD ./Drivers/STM32H7xx_HAL_Driver/Src/stm32h7xx_hal_dma.o
LOAD ./Drivers/STM32H7xx_HAL_Driver/Src/stm32h7xx_hal_dma_ex.o
LOAD ./Drivers/STM32H7xx_HAL_Driver/Src/stm32h7xx_hal_exti.o
LOAD ./Drivers/STM32H7xx_HAL_Driver/Src/stm32h7xx_hal_flash.o
LOAD ./Drivers/STM32H7xx_HAL_Driver/Src/stm32h7xx_hal_flash_ex.o
LOAD ./Drivers/STM32H7xx_HAL_Driver/Src/stm32h7xx_hal_gpio.o
LOAD ./Drivers/STM32H7xx_HAL_Driver/Src/stm32h7xx_hal_hsem.o
LOAD ./Drivers/STM32H7xx_HAL_Driver/Src/stm32h7xx_hal_i2c.o
LOAD ./Drivers/STM32H7xx_HAL_Driver/Src/stm32h7xx_hal_i2c_ex.o
LOAD ./Drivers/STM32H7xx_HAL_Driver/Src/stm32h7xx_hal_mdma.o
LOAD ./Drivers/STM32H7xx_HAL_Driver/Src/stm32h7xx_hal_pcd.o
LOAD ./Drivers/STM32H7xx_HAL_Driver/Src/stm32h7xx_hal_pcd_ex.o
LOAD ./Drivers/STM32H7xx_HAL_Driver/Src/stm32h7xx_hal_pwr.o
LOAD ./Drivers/STM32H7xx_HAL_Driver/Src/stm32h7xx_hal_pwr_ex.o
LOAD ./Drivers/STM32H7xx_HAL_Driver/Src/stm32h7xx_hal_rcc.o
LOAD ./Drivers/STM32H7xx_HAL_Driver/Src/stm32h7xx_hal_rcc_ex.o
LOAD ./Drivers/STM32H7xx_HAL_Driver/Src/stm32h7xx_hal_sai.o
LOAD ./Drivers/STM32H7xx_HAL_Driver/Src/stm32h7xx_hal_sai_ex.o
LOAD ./Drivers/STM32H7xx_HAL_Driver/Src/stm32h7xx_hal_tim.o
LOAD ./Drivers/STM32H7xx_HAL_Driver/Src/stm32h7xx_hal_tim_ex.o
LOAD ./Drivers/STM32H7xx_HAL_Driver/Src/stm32h7xx_hal_uart.o
LOAD ./Drivers/STM32H7xx_HAL_Driver/Src/stm32h7xx_hal_uart_ex.o
LOAD ./Drivers/STM32H7xx_HAL_Driver/Src/stm32h7xx_hal_usart.o
LOAD ./Drivers/STM32H7xx_HAL_Driver/Src/stm32h7xx_hal_usart_ex.o
LOAD ./Drivers/STM32H7xx_HAL_Driver/Src/stm32h7xx_ll_usb.o
LOAD ./Middlewares/ST/STM32_USB_Device_Library/Class/CDC/Src/usbd_cdc.o
LOAD ./Middlewares/ST/STM32_USB_Device_Library/Core/Src/usbd_core.o
LOAD ./Middlewares/ST/STM32_USB_Device_Library/Core/Src/usbd_ctlreq.o
LOAD ./Middlewares/ST/STM32_USB_Device_Library/Core/Src/usbd_ioreq.o
LOAD ./PDM2PCM/App/pdm2pcm.o
LOAD ./USB_DEVICE/App/usb_device.o
LOAD ./USB_DEVICE/App/usbd_cdc_if.o
LOAD ./USB_DEVICE/App/usbd_desc.o
LOAD ./USB_DEVICE/Target/usbd_conf.o
START GROUP
LOAD ../Middlewares/ST/STM32_Audio/Addons/PDM/Lib\libPDMFilter_CM7_GCC_wc32.a
LOAD ../Middlewares/ST/STM32_Audio/Addons/PDM/Lib\libPDMFilter_CM7_IAR_wc32.a
END GROUP
START GROUP
LOAD C:/ST/STM32CubeIDE_1.19.0/STM32CubeIDE/plugins/com.st.stm32cube.ide.mcu.externaltools.gnu-tools-for-stm32.14.3.rel1.win32_1.0.100.202602081740/tools/bin/../lib/gcc/arm-none-eabi/14.3.1/../../../../arm-none-eabi/lib/thumb/v7e-m+dp/hard\libc_nano.a
LOAD C:/ST/STM32CubeIDE_1.19.0/STM32CubeIDE/plugins/com.st.stm32cube.ide.mcu.externaltools.gnu-tools-for-stm32.14.3.rel1.win32_1.0.100.202602081740/tools/bin/../lib/gcc/arm-none-eabi/14.3.1/../../../../arm-none-eabi/lib/thumb/v7e-m+dp/hard\libm.a
END GROUP
START GROUP
LOAD C:/ST/STM32CubeIDE_1.19.0/STM32CubeIDE/plugins/com.st.stm32cube.ide.mcu.externaltools.gnu-tools-for-stm32.14.3.rel1.win32_1.0.100.202602081740/tools/bin/../lib/gcc/arm-none-eabi/14.3.1/thumb/v7e-m+dp/hard\libgcc.a
LOAD C:/ST/STM32CubeIDE_1.19.0/STM32CubeIDE/plugins/com.st.stm32cube.ide.mcu.externaltools.gnu-tools-for-stm32.14.3.rel1.win32_1.0.100.202602081740/tools/bin/../lib/gcc/arm-none-eabi/14.3.1/../../../../arm-none-eabi/lib/thumb/v7e-m+dp/hard\libc_nano.a
END GROUP
START GROUP
LOAD C:/ST/STM32CubeIDE_1.19.0/STM32CubeIDE/plugins/com.st.stm32cube.ide.mcu.externaltools.gnu-tools-for-stm32.14.3.rel1.win32_1.0.100.202602081740/tools/bin/../lib/gcc/arm-none-eabi/14.3.1/thumb/v7e-m+dp/hard\libgcc.a
LOAD C:/ST/STM32CubeIDE_1.19.0/STM32CubeIDE/plugins/com.st.stm32cube.ide.mcu.externaltools.gnu-tools-for-stm32.14.3.rel1.win32_1.0.100.202602081740/tools/bin/../lib/gcc/arm-none-eabi/14.3.1/../../../../arm-none-eabi/lib/thumb/v7e-m+dp/hard\libc_nano.a
LOAD C:/ST/STM32CubeIDE_1.19.0/STM32CubeIDE/plugins/com.st.stm32cube.ide.mcu.externaltools.gnu-tools-for-stm32.14.3.rel1.win32_1.0.100.202602081740/tools/bin/../lib/gcc/arm-none-eabi/14.3.1/../../../../arm-none-eabi/lib/thumb/v7e-m+dp/hard\libnosys.a
END GROUP
START GROUP
LOAD C:/ST/STM32CubeIDE_1.19.0/STM32CubeIDE/plugins/com.st.stm32cube.ide.mcu.externaltools.gnu-tools-for-stm32.14.3.rel1.win32_1.0.100.202602081740/tools/bin/../lib/gcc/arm-none-eabi/14.3.1/thumb/v7e-m+dp/hard\libgcc.a
LOAD C:/ST/STM32CubeIDE_1.19.0/STM32CubeIDE/plugins/com.st.stm32cube.ide.mcu.externaltools.gnu-tools-for-stm32.14.3.rel1.win32_1.0.100.202602081740/tools/bin/../lib/gcc/arm-none-eabi/14.3.1/../../../../arm-none-eabi/lib/thumb/v7e-m+dp/hard\libc_nano.a
LOAD C:/ST/STM32CubeIDE_1.19.0/STM32CubeIDE/plugins/com.st.stm32cube.ide.mcu.externaltools.gnu-tools-for-stm32.14.3.rel1.win32_1.0.100.202602081740/tools/bin/../lib/gcc/arm-none-eabi/14.3.1/../../../../arm-none-eabi/lib/thumb/v7e-m+dp/hard\libnosys.a
END GROUP
LOAD C:/ST/STM32CubeIDE_1.19.0/STM32CubeIDE/plugins/com.st.stm32cube.ide.mcu.externaltools.gnu-tools-for-stm32.14.3.rel1.win32_1.0.100.202602081740/tools/bin/../lib/gcc/arm-none-eabi/14.3.1/thumb/v7e-m+dp/hard/crtend.o
LOAD C:/ST/STM32CubeIDE_1.19.0/STM32CubeIDE/plugins/com.st.stm32cube.ide.mcu.externaltools.gnu-tools-for-stm32.14.3.rel1.win32_1.0.100.202602081740/tools/bin/../lib/gcc/arm-none-eabi/14.3.1/thumb/v7e-m+dp/hard/crtn.o
                0x24080000                        _estack = (ORIGIN (RAM_D1) + LENGTH (RAM_D1))
                0x00000200                        _Min_Heap_Size = 0x200
                0x00000400                        _Min_Stack_Size = 0x400

.isr_vector     0x08000000      0x298
                0x08000000                        . = ALIGN (0x4)
 *(.isr_vector)
 .isr_vector    0x08000000      0x298 ./Core/Startup/startup_stm32h753zitx.o
                0x08000000                g_pfnVectors
                0x08000298                        . = ALIGN (0x4)

.text           0x08000298    0x1092c
                0x08000298                        . = ALIGN (0x4)
 *(.text)
 .text          0x08000298       0x40 C:/ST/STM32CubeIDE_1.19.0/STM32CubeIDE/plugins/com.st.stm32cube.ide.mcu.externaltools.gnu-tools-for-stm32.14.3.rel1.win32_1.0.100.202602081740/tools/bin/../lib/gcc/arm-none-eabi/14.3.1/thumb/v7e-m+dp/hard/crtbegin.o
 .text          0x080002d8       0x30 C:/ST/STM32CubeIDE_1.19.0/STM32CubeIDE/plugins/com.st.stm32cube.ide.mcu.externaltools.gnu-tools-for-stm32.14.3.rel1.win32_1.0.100.202602081740/tools/bin/../lib/gcc/arm-none-eabi/14.3.1/thumb/v7e-m+dp/hard\libgcc.a(_aeabi_uldivmod.o)
                0x080002d8                __aeabi_uldivmod
 .text          0x08000308      0x2f8 C:/ST/STM32CubeIDE_1.19.0/STM32CubeIDE/plugins/com.st.stm32cube.ide.mcu.externaltools.gnu-tools-for-stm32.14.3.rel1.win32_1.0.100.202602081740/tools/bin/../lib/gcc/arm-none-eabi/14.3.1/thumb/v7e-m+dp/hard\libgcc.a(_udivmoddi4.o)
                0x08000308                __udivmoddi4
 .text          0x08000600        0x4 C:/ST/STM32CubeIDE_1.19.0/STM32CubeIDE/plugins/com.st.stm32cube.ide.mcu.externaltools.gnu-tools-for-stm32.14.3.rel1.win32_1.0.100.202602081740/tools/bin/../lib/gcc/arm-none-eabi/14.3.1/thumb/v7e-m+dp/hard\libgcc.a(_dvmd_tls.o)
                0x08000600                __aeabi_idiv0
                0x08000600                __aeabi_ldiv0
 *(.text*)
 .text.PeriphCommonClock_Config
                0x08000604       0x5c ./Core/Src/main.o
 .text.USB_Send_PCM_Interleaved_2CH
                0x08000660       0x98 ./Core/Src/main.o
                0x08000660                USB_Send_PCM_Interleaved_2CH
 .text.main     0x080006f8       0xe0 ./Core/Src/main.o
                0x080006f8                main
 .text.SystemClock_Config
                0x080007d8      0x104 ./Core/Src/main.o
                0x080007d8                SystemClock_Config
 .text.MX_CRC_Init
                0x080008dc       0x54 ./Core/Src/main.o
 .text.MX_SAI1_Init
                0x08000930       0xc8 ./Core/Src/main.o
 .text.MX_DMA_Init
                0x080009f8       0x40 ./Core/Src/main.o
 .text.MX_GPIO_Init
                0x08000a38       0x90 ./Core/Src/main.o
 .text.HAL_SAI_RxHalfCpltCallback
                0x08000ac8       0x38 ./Core/Src/main.o
                0x08000ac8                HAL_SAI_RxHalfCpltCallback
 .text.HAL_SAI_RxCpltCallback
                0x08000b00       0x38 ./Core/Src/main.o
                0x08000b00                HAL_SAI_RxCpltCallback
 .text.Error_Handler
                0x08000b38        0xc ./Core/Src/main.o
                0x08000b38                Error_Handler
 .text.HAL_MspInit
                0x08000b44       0x34 ./Core/Src/stm32h7xx_hal_msp.o
                0x08000b44                HAL_MspInit
 .text.HAL_CRC_MspInit
                0x08000b78       0x44 ./Core/Src/stm32h7xx_hal_msp.o
                0x08000b78                HAL_CRC_MspInit
 .text.HAL_SAI_MspInit
                0x08000bbc      0x130 ./Core/Src/stm32h7xx_hal_msp.o
                0x08000bbc                HAL_SAI_MspInit
 .text.NMI_Handler
                0x08000cec        0x8 ./Core/Src/stm32h7xx_it.o
                0x08000cec                NMI_Handler
 .text.HardFault_Handler
                0x08000cf4        0x8 ./Core/Src/stm32h7xx_it.o
                0x08000cf4                HardFault_Handler
 .text.MemManage_Handler
                0x08000cfc        0x8 ./Core/Src/stm32h7xx_it.o
                0x08000cfc                MemManage_Handler
 .text.BusFault_Handler
                0x08000d04        0x8 ./Core/Src/stm32h7xx_it.o
                0x08000d04                BusFault_Handler
 .text.UsageFault_Handler
                0x08000d0c        0x8 ./Core/Src/stm32h7xx_it.o
                0x08000d0c                UsageFault_Handler
 .text.SVC_Handler
                0x08000d14        0xe ./Core/Src/stm32h7xx_it.o
                0x08000d14                SVC_Handler
 .text.DebugMon_Handler
                0x08000d22        0xe ./Core/Src/stm32h7xx_it.o
                0x08000d22                DebugMon_Handler
 .text.PendSV_Handler
                0x08000d30        0xe ./Core/Src/stm32h7xx_it.o
                0x08000d30                PendSV_Handler
 .text.SysTick_Handler
                0x08000d3e        0xc ./Core/Src/stm32h7xx_it.o
                0x08000d3e                SysTick_Handler
 *fill*         0x08000d4a        0x2 
 .text.DMA1_Stream0_IRQHandler
                0x08000d4c       0x14 ./Core/Src/stm32h7xx_it.o
                0x08000d4c                DMA1_Stream0_IRQHandler
 .text.EXTI15_10_IRQHandler
                0x08000d60        0xe ./Core/Src/stm32h7xx_it.o
                0x08000d60                EXTI15_10_IRQHandler
 *fill*         0x08000d6e        0x2 
 .text.OTG_HS_IRQHandler
                0x08000d70       0x14 ./Core/Src/stm32h7xx_it.o
                0x08000d70                OTG_HS_IRQHandler
 .text.SystemInit
                0x08000d84      0x140 ./Core/Src/system_stm32h7xx.o
                0x08000d84                SystemInit
 .text.ExitRun0Mode
                0x08000ec4       0x18 ./Core/Src/system_stm32h7xx.o
                0x08000ec4                ExitRun0Mode
 .text.Reset_Handler
                0x08000edc       0x54 ./Core/Startup/startup_stm32h753zitx.o
                0x08000edc                Reset_Handler
 .text.Default_Handler
                0x08000f30        0x2 ./Core/Startup/startup_stm32h753zitx.o
                0x08000f30                RTC_Alarm_IRQHandler
                0x08000f30                HASH_RNG_IRQHandler
                0x08000f30                EXTI2_IRQHandler
                0x08000f30                TIM8_CC_IRQHandler
                0x08000f30                HRTIM1_Master_IRQHandler
                0x08000f30                UART8_IRQHandler
                0x08000f30                SPI4_IRQHandler
                0x08000f30                TIM1_CC_IRQHandler
                0x08000f30                BDMA_Channel6_IRQHandler
                0x08000f30                DMA2_Stream5_IRQHandler
                0x08000f30                HRTIM1_FLT_IRQHandler
                0x08000f30                JPEG_IRQHandler
                0x08000f30                DMA1_Stream5_IRQHandler
                0x08000f30                BDMA_Channel1_IRQHandler
                0x08000f30                HRTIM1_TIMD_IRQHandler
                0x08000f30                TAMP_STAMP_IRQHandler
                0x08000f30                EXTI3_IRQHandler
                0x08000f30                LPTIM4_IRQHandler
                0x08000f30                TIM8_TRG_COM_TIM14_IRQHandler
                0x08000f30                LPTIM2_IRQHandler
                0x08000f30                DFSDM1_FLT1_IRQHandler
                0x08000f30                DMAMUX2_OVR_IRQHandler
                0x08000f30                TIM8_UP_TIM13_IRQHandler
                0x08000f30                I2C3_ER_IRQHandler
                0x08000f30                DFSDM1_FLT2_IRQHandler
                0x08000f30                MDMA_IRQHandler
                0x08000f30                LPTIM3_IRQHandler
                0x08000f30                HSEM1_IRQHandler
                0x08000f30                EXTI0_IRQHandler
                0x08000f30                I2C2_EV_IRQHandler
                0x08000f30                DMA1_Stream2_IRQHandler
                0x08000f30                FPU_IRQHandler
                0x08000f30                OTG_HS_WKUP_IRQHandler
                0x08000f30                FDCAN1_IT1_IRQHandler
                0x08000f30                LTDC_ER_IRQHandler
                0x08000f30                DMA2_Stream2_IRQHandler
                0x08000f30                HRTIM1_TIME_IRQHandler
                0x08000f30                SPI1_IRQHandler
                0x08000f30                TIM6_DAC_IRQHandler
                0x08000f30                DCMI_IRQHandler
                0x08000f30                HRTIM1_TIMC_IRQHandler
                0x08000f30                DMA2_Stream3_IRQHandler
                0x08000f30                SAI2_IRQHandler
                0x08000f30                DFSDM1_FLT3_IRQHandler
                0x08000f30                USART6_IRQHandler
                0x08000f30                TIM17_IRQHandler
                0x08000f30                USART3_IRQHandler
                0x08000f30                BDMA_Channel7_IRQHandler
                0x08000f30                CRYP_IRQHandler
                0x08000f30                LPTIM5_IRQHandler
                0x08000f30                UART5_IRQHandler
                0x08000f30                ADC3_IRQHandler
                0x08000f30                DMA2_Stream0_IRQHandler
                0x08000f30                TIM4_IRQHandler
                0x08000f30                BDMA_Channel2_IRQHandler
                0x08000f30                QUADSPI_IRQHandler
                0x08000f30                I2C1_EV_IRQHandler
                0x08000f30                DMA1_Stream6_IRQHandler
                0x08000f30                DMAMUX1_OVR_IRQHandler
                0x08000f30                DMA1_Stream1_IRQHandler
                0x08000f30                TIM16_IRQHandler
                0x08000f30                UART4_IRQHandler
                0x08000f30                BDMA_Channel5_IRQHandler
                0x08000f30                TIM3_IRQHandler
                0x08000f30                RCC_IRQHandler
                0x08000f30                TIM8_BRK_TIM12_IRQHandler
                0x08000f30                TIM1_TRG_COM_IRQHandler
                0x08000f30                Default_Handler
                0x08000f30                ECC_IRQHandler
                0x08000f30                CEC_IRQHandler
                0x08000f30                BDMA_Channel0_IRQHandler
                0x08000f30                ADC_IRQHandler
                0x08000f30                DMA1_Stream7_IRQHandler
                0x08000f30                HRTIM1_TIMA_IRQHandler
                0x08000f30                SPI5_IRQHandler
                0x08000f30                TIM7_IRQHandler
                0x08000f30                SDMMC1_IRQHandler
                0x08000f30                TIM5_IRQHandler
                0x08000f30                DMA2_Stream7_IRQHandler
                0x08000f30                TIM15_IRQHandler
                0x08000f30                PVD_AVD_IRQHandler
                0x08000f30                I2C3_EV_IRQHandler
                0x08000f30                EXTI9_5_IRQHandler
                0x08000f30                RTC_WKUP_IRQHandler
                0x08000f30                LTDC_IRQHandler
                0x08000f30                SAI3_IRQHandler
                0x08000f30                ETH_WKUP_IRQHandler
                0x08000f30                SPDIF_RX_IRQHandler
                0x08000f30                SPI2_IRQHandler
                0x08000f30                OTG_HS_EP1_IN_IRQHandler
                0x08000f30                CRS_IRQHandler
                0x08000f30                EXTI4_IRQHandler
                0x08000f30                HRTIM1_TIMB_IRQHandler
                0x08000f30                FDCAN2_IT1_IRQHandler
                0x08000f30                ETH_IRQHandler
                0x08000f30                TIM1_UP_IRQHandler
                0x08000f30                BDMA_Channel4_IRQHandler
                0x08000f30                OTG_HS_EP1_OUT_IRQHandler
                0x08000f30                WWDG_IRQHandler
                0x08000f30                SPI6_IRQHandler
                0x08000f30                MDIOS_IRQHandler
                0x08000f30                I2C4_EV_IRQHandler
                0x08000f30                FDCAN2_IT0_IRQHandler
                0x08000f30                LPUART1_IRQHandler
                0x08000f30                FDCAN1_IT0_IRQHandler
                0x08000f30                TIM2_IRQHandler
                0x08000f30                OTG_FS_WKUP_IRQHandler
                0x08000f30                DMA2D_IRQHandler
                0x08000f30                TIM1_BRK_IRQHandler
                0x08000f30                EXTI1_IRQHandler
                0x08000f30                SDMMC2_IRQHandler
                0x08000f30                OTG_FS_EP1_OUT_IRQHandler
                0x08000f30                BDMA_Channel3_IRQHandler
                0x08000f30                UART7_IRQHandler
                0x08000f30                MDIOS_WKUP_IRQHandler
                0x08000f30                USART2_IRQHandler
                0x08000f30                DFSDM1_FLT0_IRQHandler
                0x08000f30                SAI4_IRQHandler
                0x08000f30                I2C2_ER_IRQHandler
                0x08000f30                DMA2_Stream1_IRQHandler
                0x08000f30                FLASH_IRQHandler
                0x08000f30                DMA2_Stream4_IRQHandler
                0x08000f30                USART1_IRQHandler
                0x08000f30                OTG_FS_IRQHandler
                0x08000f30                SPI3_IRQHandler
                0x08000f30                WAKEUP_PIN_IRQHandler
                0x08000f30                DMA1_Stream4_IRQHandler
                0x08000f30                OTG_FS_EP1_IN_IRQHandler
                0x08000f30                I2C1_ER_IRQHandler
                0x08000f30                FMC_IRQHandler
                0x08000f30                FDCAN_CAL_IRQHandler
                0x08000f30                SWPMI1_IRQHandler
                0x08000f30                COMP1_IRQHandler
                0x08000f30                LPTIM1_IRQHandler
                0x08000f30                I2C4_ER_IRQHandler
                0x08000f30                DMA2_Stream6_IRQHandler
                0x08000f30                SAI1_IRQHandler
                0x08000f30                DMA1_Stream3_IRQHandler
 *fill*         0x08000f32        0x2 
 .text.BSP_LED_Init
                0x08000f34       0xec ./Drivers/BSP/STM32H7xx_Nucleo/stm32h7xx_nucleo.o
                0x08000f34                BSP_LED_Init
 .text.BSP_PB_Init
                0x08001020       0xe4 ./Drivers/BSP/STM32H7xx_Nucleo/stm32h7xx_nucleo.o
                0x08001020                BSP_PB_Init
 .text.BSP_PB_IRQHandler
                0x08001104       0x24 ./Drivers/BSP/STM32H7xx_Nucleo/stm32h7xx_nucleo.o
                0x08001104                BSP_PB_IRQHandler
 .text.BSP_PB_Callback
                0x08001128       0x16 ./Drivers/BSP/STM32H7xx_Nucleo/stm32h7xx_nucleo.o
                0x08001128                BSP_PB_Callback
 *fill*         0x0800113e        0x2 
 .text.BSP_COM_Init
                0x08001140       0x60 ./Drivers/BSP/STM32H7xx_Nucleo/stm32h7xx_nucleo.o
                0x08001140                BSP_COM_Init
 .text.MX_USART3_Init
                0x080011a0       0x64 ./Drivers/BSP/STM32H7xx_Nucleo/stm32h7xx_nucleo.o
                0x080011a0                MX_USART3_Init
 .text.BUTTON_USER_EXTI_Callback
                0x08001204        0xe ./Drivers/BSP/STM32H7xx_Nucleo/stm32h7xx_nucleo.o
 *fill*         0x08001212        0x2 
 .text.COM1_MspInit
                0x08001214       0xb0 ./Drivers/BSP/STM32H7xx_Nucleo/stm32h7xx_nucleo.o
 .text.HAL_Init
                0x080012c4       0x78 ./Drivers/STM32H7xx_HAL_Driver/Src/stm32h7xx_hal.o
                0x080012c4                HAL_Init
 .text.HAL_InitTick
                0x0800133c       0x6c ./Drivers/STM32H7xx_HAL_Driver/Src/stm32h7xx_hal.o
                0x0800133c                HAL_InitTick
 .text.HAL_IncTick
                0x080013a8       0x28 ./Drivers/STM32H7xx_HAL_Driver/Src/stm32h7xx_hal.o
                0x080013a8                HAL_IncTick
 .text.HAL_GetTick
                0x080013d0       0x18 ./Drivers/STM32H7xx_HAL_Driver/Src/stm32h7xx_hal.o
                0x080013d0                HAL_GetTick
 .text.HAL_Delay
                0x080013e8       0x48 ./Drivers/STM32H7xx_HAL_Driver/Src/stm32h7xx_hal.o
                0x080013e8                HAL_Delay
 .text.HAL_GetREVID
                0x08001430       0x18 ./Drivers/STM32H7xx_HAL_Driver/Src/stm32h7xx_hal.o
                0x08001430                HAL_GetREVID
 .text.__NVIC_SetPriorityGrouping
                0x08001448       0x48 ./Drivers/STM32H7xx_HAL_Driver/Src/stm32h7xx_hal_cortex.o
 .text.__NVIC_GetPriorityGrouping
                0x08001490       0x1c ./Drivers/STM32H7xx_HAL_Driver/Src/stm32h7xx_hal_cortex.o
 .text.__NVIC_EnableIRQ
                0x080014ac       0x3c ./Drivers/STM32H7xx_HAL_Driver/Src/stm32h7xx_hal_cortex.o
 .text.__NVIC_SetPriority
                0x080014e8       0x54 ./Drivers/STM32H7xx_HAL_Driver/Src/stm32h7xx_hal_cortex.o
 .text.NVIC_EncodePriority
                0x0800153c       0x66 ./Drivers/STM32H7xx_HAL_Driver/Src/stm32h7xx_hal_cortex.o
 *fill*         0x080015a2        0x2 
 .text.SysTick_Config
                0x080015a4       0x44 ./Drivers/STM32H7xx_HAL_Driver/Src/stm32h7xx_hal_cortex.o
 .text.HAL_NVIC_SetPriorityGrouping
                0x080015e8       0x16 ./Drivers/STM32H7xx_HAL_Driver/Src/stm32h7xx_hal_cortex.o
                0x080015e8                HAL_NVIC_SetPriorityGrouping
 .text.HAL_NVIC_SetPriority
                0x080015fe       0x34 ./Drivers/STM32H7xx_HAL_Driver/Src/stm32h7xx_hal_cortex.o
                0x080015fe                HAL_NVIC_SetPriority
 .text.HAL_NVIC_EnableIRQ
                0x08001632       0x1c ./Drivers/STM32H7xx_HAL_Driver/Src/stm32h7xx_hal_cortex.o
                0x08001632                HAL_NVIC_EnableIRQ
 .text.HAL_SYSTICK_Config
                0x0800164e       0x18 ./Drivers/STM32H7xx_HAL_Driver/Src/stm32h7xx_hal_cortex.o
                0x0800164e                HAL_SYSTICK_Config
 *fill*         0x08001666        0x2 
 .text.HAL_CRC_Init
                0x08001668       0xc8 ./Drivers/STM32H7xx_HAL_Driver/Src/stm32h7xx_hal_crc.o
                0x08001668                HAL_CRC_Init
 .text.HAL_CRCEx_Polynomial_Set
                0x08001730      0x11c ./Drivers/STM32H7xx_HAL_Driver/Src/stm32h7xx_hal_crc_ex.o
                0x08001730                HAL_CRCEx_Polynomial_Set
 .text.HAL_DMA_Init
                0x0800184c      0x6b8 ./Drivers/STM32H7xx_HAL_Driver/Src/stm32h7xx_hal_dma.o
                0x0800184c                HAL_DMA_Init
 .text.HAL_DMA_Start_IT
                0x08001f04      0x4d4 ./Drivers/STM32H7xx_HAL_Driver/Src/stm32h7xx_hal_dma.o
                0x08001f04                HAL_DMA_Start_IT
 .text.HAL_DMA_IRQHandler
                0x080023d8      0xe54 ./Drivers/STM32H7xx_HAL_Driver/Src/stm32h7xx_hal_dma.o
                0x080023d8                HAL_DMA_IRQHandler
 .text.HAL_DMA_GetError
                0x0800322c       0x18 ./Drivers/STM32H7xx_HAL_Driver/Src/stm32h7xx_hal_dma.o
                0x0800322c                HAL_DMA_GetError
 .text.DMA_SetConfig
                0x08003244      0x358 ./Drivers/STM32H7xx_HAL_Driver/Src/stm32h7xx_hal_dma.o
 .text.DMA_CalcBaseAndBitshift
                0x0800359c      0x164 ./Drivers/STM32H7xx_HAL_Driver/Src/stm32h7xx_hal_dma.o
 .text.DMA_CheckFifoParam
                0x08003700       0xf8 ./Drivers/STM32H7xx_HAL_Driver/Src/stm32h7xx_hal_dma.o
 .text.DMA_CalcDMAMUXChannelBaseAndMask
                0x080037f8      0x134 ./Drivers/STM32H7xx_HAL_Driver/Src/stm32h7xx_hal_dma.o
 .text.DMA_CalcDMAMUXRequestGenBaseAndMask
                0x0800392c       0xe8 ./Drivers/STM32H7xx_HAL_Driver/Src/stm32h7xx_hal_dma.o
 .text.HAL_EXTI_RegisterCallback
                0x08003a14       0x3e ./Drivers/STM32H7xx_HAL_Driver/Src/stm32h7xx_hal_exti.o
                0x08003a14                HAL_EXTI_RegisterCallback
 .text.HAL_EXTI_GetHandle
                0x08003a52       0x28 ./Drivers/STM32H7xx_HAL_Driver/Src/stm32h7xx_hal_exti.o
                0x08003a52                HAL_EXTI_GetHandle
 *fill*         0x08003a7a        0x2 
 .text.HAL_EXTI_IRQHandler
                0x08003a7c       0x60 ./Drivers/STM32H7xx_HAL_Driver/Src/stm32h7xx_hal_exti.o
                0x08003a7c                HAL_EXTI_IRQHandler
 .text.HAL_GPIO_Init
                0x08003adc      0x374 ./Drivers/STM32H7xx_HAL_Driver/Src/stm32h7xx_hal_gpio.o
                0x08003adc                HAL_GPIO_Init
 .text.HAL_GPIO_WritePin
                0x08003e50       0x32 ./Drivers/STM32H7xx_HAL_Driver/Src/stm32h7xx_hal_gpio.o
                0x08003e50                HAL_GPIO_WritePin
 .text.HAL_PCD_Init
                0x08003e82      0x218 ./Drivers/STM32H7xx_HAL_Driver/Src/stm32h7xx_hal_pcd.o
                0x08003e82                HAL_PCD_Init
 .text.HAL_PCD_Start
                0x0800409a       0x6a ./Drivers/STM32H7xx_HAL_Driver/Src/stm32h7xx_hal_pcd.o
                0x0800409a                HAL_PCD_Start
 .text.HAL_PCD_IRQHandler
                0x08004104      0x9d0 ./Drivers/STM32H7xx_HAL_Driver/Src/stm32h7xx_hal_pcd.o
                0x08004104                HAL_PCD_IRQHandler
 .text.HAL_PCD_SetAddress
                0x08004ad4       0x48 ./Drivers/STM32H7xx_HAL_Driver/Src/stm32h7xx_hal_pcd.o
                0x08004ad4                HAL_PCD_SetAddress
 .text.HAL_PCD_EP_Open
                0x08004b1c       0xd4 ./Drivers/STM32H7xx_HAL_Driver/Src/stm32h7xx_hal_pcd.o
                0x08004b1c                HAL_PCD_EP_Open
 .text.HAL_PCD_EP_Close
                0x08004bf0       0x94 ./Drivers/STM32H7xx_HAL_Driver/Src/stm32h7xx_hal_pcd.o
                0x08004bf0                HAL_PCD_EP_Close
 .text.HAL_PCD_EP_Receive
                0x08004c84       0x76 ./Drivers/STM32H7xx_HAL_Driver/Src/stm32h7xx_hal_pcd.o
                0x08004c84                HAL_PCD_EP_Receive
 .text.HAL_PCD_EP_GetRxCount
                0x08004cfa       0x30 ./Drivers/STM32H7xx_HAL_Driver/Src/stm32h7xx_hal_pcd.o
                0x08004cfa                HAL_PCD_EP_GetRxCount
 .text.HAL_PCD_EP_Transmit
                0x08004d2a       0x74 ./Drivers/STM32H7xx_HAL_Driver/Src/stm32h7xx_hal_pcd.o
                0x08004d2a                HAL_PCD_EP_Transmit
 .text.HAL_PCD_EP_SetStall
                0x08004d9e       0xc6 ./Drivers/STM32H7xx_HAL_Driver/Src/stm32h7xx_hal_pcd.o
                0x08004d9e                HAL_PCD_EP_SetStall
 .text.HAL_PCD_EP_ClrStall
                0x08004e64       0xac ./Drivers/STM32H7xx_HAL_Driver/Src/stm32h7xx_hal_pcd.o
                0x08004e64                HAL_PCD_EP_ClrStall
 .text.HAL_PCD_EP_Abort
                0x08004f10       0x62 ./Drivers/STM32H7xx_HAL_Driver/Src/stm32h7xx_hal_pcd.o
                0x08004f10                HAL_PCD_EP_Abort
 .text.PCD_WriteEmptyTxFifo
                0x08004f72      0x118 ./Drivers/STM32H7xx_HAL_Driver/Src/stm32h7xx_hal_pcd.o
 *fill*         0x0800508a        0x2 
 .text.PCD_EP_OutXfrComplete_int
                0x0800508c      0x1d0 ./Drivers/STM32H7xx_HAL_Driver/Src/stm32h7xx_hal_pcd.o
 .text.PCD_EP_OutSetupPacket_int
                0x0800525c       0x8c ./Drivers/STM32H7xx_HAL_Driver/Src/stm32h7xx_hal_pcd.o
 .text.HAL_PCDEx_SetTxFiFo
                0x080052e8       0x8e ./Drivers/STM32H7xx_HAL_Driver/Src/stm32h7xx_hal_pcd_ex.o
                0x080052e8                HAL_PCDEx_SetTxFiFo
 .text.HAL_PCDEx_SetRxFiFo
                0x08005376       0x22 ./Drivers/STM32H7xx_HAL_Driver/Src/stm32h7xx_hal_pcd_ex.o
                0x08005376                HAL_PCDEx_SetRxFiFo
 .text.HAL_PCDEx_ActivateLPM
                0x08005398       0x48 ./Drivers/STM32H7xx_HAL_Driver/Src/stm32h7xx_hal_pcd_ex.o
                0x08005398                HAL_PCDEx_ActivateLPM
 .text.HAL_PCDEx_LPM_Callback
                0x080053e0       0x18 ./Drivers/STM32H7xx_HAL_Driver/Src/stm32h7xx_hal_pcd_ex.o
                0x080053e0                HAL_PCDEx_LPM_Callback
 .text.HAL_PWREx_ConfigSupply
                0x080053f8       0x74 ./Drivers/STM32H7xx_HAL_Driver/Src/stm32h7xx_hal_pwr_ex.o
                0x080053f8                HAL_PWREx_ConfigSupply
 .text.HAL_PWREx_EnableUSBVoltageDetector
                0x0800546c       0x20 ./Drivers/STM32H7xx_HAL_Driver/Src/stm32h7xx_hal_pwr_ex.o
                0x0800546c                HAL_PWREx_EnableUSBVoltageDetector
 .text.HAL_RCC_OscConfig
                0x0800548c      0x8b4 ./Drivers/STM32H7xx_HAL_Driver/Src/stm32h7xx_hal_rcc.o
                0x0800548c                HAL_RCC_OscConfig
 .text.HAL_RCC_ClockConfig
                0x08005d40      0x36c ./Drivers/STM32H7xx_HAL_Driver/Src/stm32h7xx_hal_rcc.o
                0x08005d40                HAL_RCC_ClockConfig
 .text.HAL_RCC_GetSysClockFreq
                0x080060ac      0x2f4 ./Drivers/STM32H7xx_HAL_Driver/Src/stm32h7xx_hal_rcc.o
                0x080060ac                HAL_RCC_GetSysClockFreq
 .text.HAL_RCC_GetHCLKFreq
                0x080063a0       0x60 ./Drivers/STM32H7xx_HAL_Driver/Src/stm32h7xx_hal_rcc.o
                0x080063a0                HAL_RCC_GetHCLKFreq
 .text.HAL_RCC_GetPCLK1Freq
                0x08006400       0x2c ./Drivers/STM32H7xx_HAL_Driver/Src/stm32h7xx_hal_rcc.o
                0x08006400                HAL_RCC_GetPCLK1Freq
 .text.HAL_RCC_GetPCLK2Freq
                0x0800642c       0x2c ./Drivers/STM32H7xx_HAL_Driver/Src/stm32h7xx_hal_rcc.o
                0x0800642c                HAL_RCC_GetPCLK2Freq
 .text.HAL_RCCEx_PeriphCLKConfig
                0x08006458     0x1414 ./Drivers/STM32H7xx_HAL_Driver/Src/stm32h7xx_hal_rcc_ex.o
                0x08006458                HAL_RCCEx_PeriphCLKConfig
 .text.HAL_RCCEx_GetPeriphCLKFreq
                0x0800786c      0xb00 ./Drivers/STM32H7xx_HAL_Driver/Src/stm32h7xx_hal_rcc_ex.o
                0x0800786c                HAL_RCCEx_GetPeriphCLKFreq
 .text.HAL_RCCEx_GetD3PCLK1Freq
                0x0800836c       0x2c ./Drivers/STM32H7xx_HAL_Driver/Src/stm32h7xx_hal_rcc_ex.o
                0x0800836c                HAL_RCCEx_GetD3PCLK1Freq
 .text.HAL_RCCEx_GetPLL2ClockFreq
                0x08008398      0x2a8 ./Drivers/STM32H7xx_HAL_Driver/Src/stm32h7xx_hal_rcc_ex.o
                0x08008398                HAL_RCCEx_GetPLL2ClockFreq
 .text.HAL_RCCEx_GetPLL3ClockFreq
                0x08008640      0x2a8 ./Drivers/STM32H7xx_HAL_Driver/Src/stm32h7xx_hal_rcc_ex.o
                0x08008640                HAL_RCCEx_GetPLL3ClockFreq
 .text.HAL_RCCEx_GetPLL1ClockFreq
                0x080088e8      0x2a4 ./Drivers/STM32H7xx_HAL_Driver/Src/stm32h7xx_hal_rcc_ex.o
                0x080088e8                HAL_RCCEx_GetPLL1ClockFreq
 .text.RCCEx_PLL2_Config
                0x08008b8c      0x164 ./Drivers/STM32H7xx_HAL_Driver/Src/stm32h7xx_hal_rcc_ex.o
 .text.RCCEx_PLL3_Config
                0x08008cf0      0x164 ./Drivers/STM32H7xx_HAL_Driver/Src/stm32h7xx_hal_rcc_ex.o
 .text.HAL_SAI_Init
                0x08008e54      0x554 ./Drivers/STM32H7xx_HAL_Driver/Src/stm32h7xx_hal_sai.o
                0x08008e54                HAL_SAI_Init
 .text.HAL_SAI_Receive_DMA
                0x080093a8      0x128 ./Drivers/STM32H7xx_HAL_Driver/Src/stm32h7xx_hal_sai.o
                0x080093a8                HAL_SAI_Receive_DMA
 .text.HAL_SAI_ErrorCallback
                0x080094d0       0x14 ./Drivers/STM32H7xx_HAL_Driver/Src/stm32h7xx_hal_sai.o
                0x080094d0                HAL_SAI_ErrorCallback
 .text.SAI_InterruptFlag
                0x080094e4       0x6e ./Drivers/STM32H7xx_HAL_Driver/Src/stm32h7xx_hal_sai.o
 *fill*         0x08009552        0x2 
 .text.SAI_Disable
                0x08009554       0x74 ./Drivers/STM32H7xx_HAL_Driver/Src/stm32h7xx_hal_sai.o
 .text.SAI_DMARxCplt
                0x080095c8       0x60 ./Drivers/STM32H7xx_HAL_Driver/Src/stm32h7xx_hal_sai.o
 .text.SAI_DMARxHalfCplt
                0x08009628       0x1c ./Drivers/STM32H7xx_HAL_Driver/Src/stm32h7xx_hal_sai.o
 .text.SAI_DMAError
                0x08009644       0x5e ./Drivers/STM32H7xx_HAL_Driver/Src/stm32h7xx_hal_sai.o
 .text.HAL_UART_Init
                0x080096a2       0xa0 ./Drivers/STM32H7xx_HAL_Driver/Src/stm32h7xx_hal_uart.o
                0x080096a2                HAL_UART_Init
 .text.HAL_UART_MspInit
                0x08009742       0x14 ./Drivers/STM32H7xx_HAL_Driver/Src/stm32h7xx_hal_uart.o
                0x08009742                HAL_UART_MspInit
 *fill*         0x08009756        0x2 
 .text.UART_SetConfig
                0x08009758      0xad0 ./Drivers/STM32H7xx_HAL_Driver/Src/stm32h7xx_hal_uart.o
                0x08009758                UART_SetConfig
 .text.UART_AdvFeatureConfig
                0x0800a228      0x144 ./Drivers/STM32H7xx_HAL_Driver/Src/stm32h7xx_hal_uart.o
                0x0800a228                UART_AdvFeatureConfig
 .text.UART_CheckIdleState
                0x0800a36c      0x154 ./Drivers/STM32H7xx_HAL_Driver/Src/stm32h7xx_hal_uart.o
                0x0800a36c                UART_CheckIdleState
 .text.UART_WaitOnFlagUntilTimeout
                0x0800a4c0       0xda ./Drivers/STM32H7xx_HAL_Driver/Src/stm32h7xx_hal_uart.o
                0x0800a4c0                UART_WaitOnFlagUntilTimeout
 *fill*         0x0800a59a        0x2 
 .text.UART_EndRxTransfer
                0x0800a59c       0xcc ./Drivers/STM32H7xx_HAL_Driver/Src/stm32h7xx_hal_uart.o
 .text.USB_CoreInit
                0x0800a668       0xf0 ./Drivers/STM32H7xx_HAL_Driver/Src/stm32h7xx_ll_usb.o
                0x0800a668                USB_CoreInit
 .text.USB_SetTurnaroundTime
                0x0800a758      0x144 ./Drivers/STM32H7xx_HAL_Driver/Src/stm32h7xx_ll_usb.o
                0x0800a758                USB_SetTurnaroundTime
 .text.USB_EnableGlobalInt
                0x0800a89c       0x22 ./Drivers/STM32H7xx_HAL_Driver/Src/stm32h7xx_ll_usb.o
                0x0800a89c                USB_EnableGlobalInt
 .text.USB_DisableGlobalInt
                0x0800a8be       0x22 ./Drivers/STM32H7xx_HAL_Driver/Src/stm32h7xx_ll_usb.o
                0x0800a8be                USB_DisableGlobalInt
 .text.USB_SetCurrentMode
                0x0800a8e0       0x98 ./Drivers/STM32H7xx_HAL_Driver/Src/stm32h7xx_ll_usb.o
                0x0800a8e0                USB_SetCurrentMode
 .text.USB_DevInit
                0x0800a978      0x2bc ./Drivers/STM32H7xx_HAL_Driver/Src/stm32h7xx_ll_usb.o
                0x0800a978                USB_DevInit
 .text.USB_FlushTxFifo
                0x0800ac34       0x64 ./Drivers/STM32H7xx_HAL_Driver/Src/stm32h7xx_ll_usb.o
                0x0800ac34                USB_FlushTxFifo
 .text.USB_FlushRxFifo
                0x0800ac98       0x5c ./Drivers/STM32H7xx_HAL_Driver/Src/stm32h7xx_ll_usb.o
                0x0800ac98                USB_FlushRxFifo
 .text.USB_SetDevSpeed
                0x0800acf4       0x32 ./Drivers/STM32H7xx_HAL_Driver/Src/stm32h7xx_ll_usb.o
                0x0800acf4                USB_SetDevSpeed
 .text.USB_GetDevSpeed
                0x0800ad26       0x4a ./Drivers/STM32H7xx_HAL_Driver/Src/stm32h7xx_ll_usb.o
                0x0800ad26                USB_GetDevSpeed
 .text.USB_ActivateEndpoint
                0x0800ad70      0x110 ./Drivers/STM32H7xx_HAL_Driver/Src/stm32h7xx_ll_usb.o
                0x0800ad70                USB_ActivateEndpoint
 .text.USB_DeactivateEndpoint
                0x0800ae80      0x1b8 ./Drivers/STM32H7xx_HAL_Driver/Src/stm32h7xx_ll_usb.o
                0x0800ae80                USB_DeactivateEndpoint
 .text.USB_EPStartXfer
                0x0800b038      0x548 ./Drivers/STM32H7xx_HAL_Driver/Src/stm32h7xx_ll_usb.o
                0x0800b038                USB_EPStartXfer
 .text.USB_EPStopXfer
                0x0800b580      0x1fa ./Drivers/STM32H7xx_HAL_Driver/Src/stm32h7xx_ll_usb.o
                0x0800b580                USB_EPStopXfer
 .text.USB_EPSetStall
                0x0800b77a       0xdc ./Drivers/STM32H7xx_HAL_Driver/Src/stm32h7xx_ll_usb.o
                0x0800b77a                USB_EPSetStall
 .text.USB_EPClearStall
                0x0800b856       0xcc ./Drivers/STM32H7xx_HAL_Driver/Src/stm32h7xx_ll_usb.o
                0x0800b856                USB_EPClearStall
 .text.USB_WritePacket
                0x0800b922       0x7c ./Drivers/STM32H7xx_HAL_Driver/Src/stm32h7xx_ll_usb.o
                0x0800b922                USB_WritePacket
 .text.USB_ReadPacket
                0x0800b99e       0xb0 ./Drivers/STM32H7xx_HAL_Driver/Src/stm32h7xx_ll_usb.o
                0x0800b99e                USB_ReadPacket
 .text.USB_SetDevAddress
                0x0800ba4e       0x4c ./Drivers/STM32H7xx_HAL_Driver/Src/stm32h7xx_ll_usb.o
                0x0800ba4e                USB_SetDevAddress
 .text.USB_DevConnect
                0x0800ba9a       0x42 ./Drivers/STM32H7xx_HAL_Driver/Src/stm32h7xx_ll_usb.o
                0x0800ba9a                USB_DevConnect
 .text.USB_DevDisconnect
                0x0800badc       0x42 ./Drivers/STM32H7xx_HAL_Driver/Src/stm32h7xx_ll_usb.o
                0x0800badc                USB_DevDisconnect
 .text.USB_ReadInterrupts
                0x0800bb1e       0x26 ./Drivers/STM32H7xx_HAL_Driver/Src/stm32h7xx_ll_usb.o
                0x0800bb1e                USB_ReadInterrupts
 .text.USB_ReadDevAllOutEpInterrupt
                0x0800bb44       0x34 ./Drivers/STM32H7xx_HAL_Driver/Src/stm32h7xx_ll_usb.o
                0x0800bb44                USB_ReadDevAllOutEpInterrupt
 .text.USB_ReadDevAllInEpInterrupt
                0x0800bb78       0x34 ./Drivers/STM32H7xx_HAL_Driver/Src/stm32h7xx_ll_usb.o
                0x0800bb78                USB_ReadDevAllInEpInterrupt
 .text.USB_ReadDevOutEPInterrupt
                0x0800bbac       0x3c ./Drivers/STM32H7xx_HAL_Driver/Src/stm32h7xx_ll_usb.o
                0x0800bbac                USB_ReadDevOutEPInterrupt
 .text.USB_ReadDevInEPInterrupt
                0x0800bbe8       0x5c ./Drivers/STM32H7xx_HAL_Driver/Src/stm32h7xx_ll_usb.o
                0x0800bbe8                USB_ReadDevInEPInterrupt
 .text.USB_GetMode
                0x0800bc44       0x1c ./Drivers/STM32H7xx_HAL_Driver/Src/stm32h7xx_ll_usb.o
                0x0800bc44                USB_GetMode
 .text.USB_ActivateSetup
                0x0800bc60       0x48 ./Drivers/STM32H7xx_HAL_Driver/Src/stm32h7xx_ll_usb.o
                0x0800bc60                USB_ActivateSetup
 .text.USB_EP0_OutStart
                0x0800bca8       0xbc ./Drivers/STM32H7xx_HAL_Driver/Src/stm32h7xx_ll_usb.o
                0x0800bca8                USB_EP0_OutStart
 .text.USB_CoreReset
                0x0800bd64       0x70 ./Drivers/STM32H7xx_HAL_Driver/Src/stm32h7xx_ll_usb.o
 .text.USBD_CDC_Init
                0x0800bdd4      0x1f0 ./Middlewares/ST/STM32_USB_Device_Library/Class/CDC/Src/usbd_cdc.o
 .text.USBD_CDC_DeInit
                0x0800bfc4      0x104 ./Middlewares/ST/STM32_USB_Device_Library/Class/CDC/Src/usbd_cdc.o
 .text.USBD_CDC_Setup
                0x0800c0c8      0x1b8 ./Middlewares/ST/STM32_USB_Device_Library/Class/CDC/Src/usbd_cdc.o
 .text.USBD_CDC_DataIn
                0x0800c280       0xfe ./Middlewares/ST/STM32_USB_Device_Library/Class/CDC/Src/usbd_cdc.o
 .text.USBD_CDC_DataOut
                0x0800c37e       0x70 ./Middlewares/ST/STM32_USB_Device_Library/Class/CDC/Src/usbd_cdc.o
 .text.USBD_CDC_EP0_RxReady
                0x0800c3ee       0x74 ./Middlewares/ST/STM32_USB_Device_Library/Class/CDC/Src/usbd_cdc.o
 *fill*         0x0800c462        0x2 
 .text.USBD_CDC_GetFSCfgDesc
                0x0800c464       0x70 ./Middlewares/ST/STM32_USB_Device_Library/Class/CDC/Src/usbd_cdc.o
 .text.USBD_CDC_GetHSCfgDesc
                0x0800c4d4       0x70 ./Middlewares/ST/STM32_USB_Device_Library/Class/CDC/Src/usbd_cdc.o
 .text.USBD_CDC_GetOtherSpeedCfgDesc
                0x0800c544       0x70 ./Middlewares/ST/STM32_USB_Device_Library/Class/CDC/Src/usbd_cdc.o
 .text.USBD_CDC_GetDeviceQualifierDescriptor
                0x0800c5b4       0x20 ./Middlewares/ST/STM32_USB_Device_Library/Class/CDC/Src/usbd_cdc.o
                0x0800c5b4                USBD_CDC_GetDeviceQualifierDescriptor
 .text.USBD_CDC_RegisterInterface
                0x0800c5d4       0x34 ./Middlewares/ST/STM32_USB_Device_Library/Class/CDC/Src/usbd_cdc.o
                0x0800c5d4                USBD_CDC_RegisterInterface
 .text.USBD_CDC_SetTxBuffer
                0x0800c608       0x44 ./Middlewares/ST/STM32_USB_Device_Library/Class/CDC/Src/usbd_cdc.o
                0x0800c608                USBD_CDC_SetTxBuffer
 .text.USBD_CDC_SetRxBuffer
                0x0800c64c       0x3a ./Middlewares/ST/STM32_USB_Device_Library/Class/CDC/Src/usbd_cdc.o
                0x0800c64c                USBD_CDC_SetRxBuffer
 *fill*         0x0800c686        0x2 
 .text.USBD_CDC_TransmitPacket
                0x0800c688       0x80 ./Middlewares/ST/STM32_USB_Device_Library/Class/CDC/Src/usbd_cdc.o
                0x0800c688                USBD_CDC_TransmitPacket
 .text.USBD_CDC_ReceivePacket
                0x0800c708       0x6c ./Middlewares/ST/STM32_USB_Device_Library/Class/CDC/Src/usbd_cdc.o
                0x0800c708                USBD_CDC_ReceivePacket
 .text.USBD_Init
                0x0800c774       0x60 ./Middlewares/ST/STM32_USB_Device_Library/Core/Src/usbd_core.o
                0x0800c774                USBD_Init
 .text.USBD_RegisterClass
                0x0800c7d4       0x6c ./Middlewares/ST/STM32_USB_Device_Library/Core/Src/usbd_core.o
                0x0800c7d4                USBD_RegisterClass
 .text.USBD_Start
                0x0800c840       0x18 ./Middlewares/ST/STM32_USB_Device_Library/Core/Src/usbd_core.o
                0x0800c840                USBD_Start
 .text.USBD_RunTestMode
                0x0800c858       0x16 ./Middlewares/ST/STM32_USB_Device_Library/Core/Src/usbd_core.o
                0x0800c858                USBD_RunTestMode
 .text.USBD_SetClassConfig
                0x0800c86e       0x38 ./Middlewares/ST/STM32_USB_Device_Library/Core/Src/usbd_core.o
                0x0800c86e                USBD_SetClassConfig
 .text.USBD_ClrClassConfig
                0x0800c8a6       0x34 ./Middlewares/ST/STM32_USB_Device_Library/Core/Src/usbd_core.o
                0x0800c8a6                USBD_ClrClassConfig
 .text.USBD_LL_SetupStage
                0x0800c8da       0xaa ./Middlewares/ST/STM32_USB_Device_Library/Core/Src/usbd_core.o
                0x0800c8da                USBD_LL_SetupStage
 .text.USBD_LL_DataOutStage
                0x0800c984      0x178 ./Middlewares/ST/STM32_USB_Device_Library/Core/Src/usbd_core.o
                0x0800c984                USBD_LL_DataOutStage
 .text.USBD_LL_DataInStage
                0x0800cafc      0x176 ./Middlewares/ST/STM32_USB_Device_Library/Core/Src/usbd_core.o
                0x0800cafc                USBD_LL_DataInStage
 .text.USBD_LL_Reset
                0x0800cc72       0xa6 ./Middlewares/ST/STM32_USB_Device_Library/Core/Src/usbd_core.o
                0x0800cc72                USBD_LL_Reset
 .text.USBD_LL_SetSpeed
                0x0800cd18       0x20 ./Middlewares/ST/STM32_USB_Device_Library/Core/Src/usbd_core.o
                0x0800cd18                USBD_LL_SetSpeed
 .text.USBD_LL_Suspend
                0x0800cd38       0x38 ./Middlewares/ST/STM32_USB_Device_Library/Core/Src/usbd_core.o
                0x0800cd38                USBD_LL_Suspend
 .text.USBD_LL_Resume
                0x0800cd70       0x30 ./Middlewares/ST/STM32_USB_Device_Library/Core/Src/usbd_core.o
                0x0800cd70                USBD_LL_Resume
 .text.USBD_LL_SOF
                0x0800cda0       0x40 ./Middlewares/ST/STM32_USB_Device_Library/Core/Src/usbd_core.o
                0x0800cda0                USBD_LL_SOF
 .text.USBD_LL_IsoINIncomplete
                0x0800cde0       0x64 ./Middlewares/ST/STM32_USB_Device_Library/Core/Src/usbd_core.o
                0x0800cde0                USBD_LL_IsoINIncomplete
 .text.USBD_LL_IsoOUTIncomplete
                0x0800ce44       0x64 ./Middlewares/ST/STM32_USB_Device_Library/Core/Src/usbd_core.o
                0x0800ce44                USBD_LL_IsoOUTIncomplete
 .text.USBD_LL_DevConnected
                0x0800cea8       0x16 ./Middlewares/ST/STM32_USB_Device_Library/Core/Src/usbd_core.o
                0x0800cea8                USBD_LL_DevConnected
 .text.USBD_LL_DevDisconnected
                0x0800cebe       0x46 ./Middlewares/ST/STM32_USB_Device_Library/Core/Src/usbd_core.o
                0x0800cebe                USBD_LL_DevDisconnected
 .text.USBD_CoreFindIF
                0x0800cf04       0x1a ./Middlewares/ST/STM32_USB_Device_Library/Core/Src/usbd_core.o
                0x0800cf04                USBD_CoreFindIF
 .text.USBD_CoreFindEP
                0x0800cf1e       0x1a ./Middlewares/ST/STM32_USB_Device_Library/Core/Src/usbd_core.o
                0x0800cf1e                USBD_CoreFindEP
 .text.USBD_GetEpDesc
                0x0800cf38       0x70 ./Middlewares/ST/STM32_USB_Device_Library/Core/Src/usbd_core.o
                0x0800cf38                USBD_GetEpDesc
 .text.USBD_GetNextDesc
                0x0800cfa8       0x38 ./Middlewares/ST/STM32_USB_Device_Library/Core/Src/usbd_core.o
                0x0800cfa8                USBD_GetNextDesc
 .text.SWAPBYTE
                0x0800cfe0       0x3e ./Middlewares/ST/STM32_USB_Device_Library/Core/Src/usbd_ctlreq.o
 *fill*         0x0800d01e        0x2 
 .text.USBD_StdDevReq
                0x0800d020       0xe4 ./Middlewares/ST/STM32_USB_Device_Library/Core/Src/usbd_ctlreq.o
                0x0800d020                USBD_StdDevReq
 .text.USBD_StdItfReq
                0x0800d104       0xd8 ./Middlewares/ST/STM32_USB_Device_Library/Core/Src/usbd_ctlreq.o
                0x0800d104                USBD_StdItfReq
 .text.USBD_StdEPReq
                0x0800d1dc      0x33e ./Middlewares/ST/STM32_USB_Device_Library/Core/Src/usbd_ctlreq.o
                0x0800d1dc                USBD_StdEPReq
 *fill*         0x0800d51a        0x2 
 .text.USBD_GetDescriptor
                0x0800d51c      0x328 ./Middlewares/ST/STM32_USB_Device_Library/Core/Src/usbd_ctlreq.o
 .text.USBD_SetAddress
                0x0800d844       0x88 ./Middlewares/ST/STM32_USB_Device_Library/Core/Src/usbd_ctlreq.o
 .text.USBD_SetConfig
                0x0800d8cc      0x154 ./Middlewares/ST/STM32_USB_Device_Library/Core/Src/usbd_ctlreq.o
 .text.USBD_GetConfig
                0x0800da20       0x6c ./Middlewares/ST/STM32_USB_Device_Library/Core/Src/usbd_ctlreq.o
 .text.USBD_GetStatus
                0x0800da8c       0x68 ./Middlewares/ST/STM32_USB_Device_Library/Core/Src/usbd_ctlreq.o
 .text.USBD_SetFeature
                0x0800daf4       0x52 ./Middlewares/ST/STM32_USB_Device_Library/Core/Src/usbd_ctlreq.o
 .text.USBD_ClrFeature
                0x0800db46       0x44 ./Middlewares/ST/STM32_USB_Device_Library/Core/Src/usbd_ctlreq.o
 .text.USBD_ParseSetupRequest
                0x0800db8a       0x74 ./Middlewares/ST/STM32_USB_Device_Library/Core/Src/usbd_ctlreq.o
                0x0800db8a                USBD_ParseSetupRequest
 .text.USBD_CtlError
                0x0800dbfe       0x22 ./Middlewares/ST/STM32_USB_Device_Library/Core/Src/usbd_ctlreq.o
                0x0800dbfe                USBD_CtlError
 .text.USBD_GetString
                0x0800dc20       0xa4 ./Middlewares/ST/STM32_USB_Device_Library/Core/Src/usbd_ctlreq.o
                0x0800dc20                USBD_GetString
 .text.USBD_GetLen
                0x0800dcc4       0x34 ./Middlewares/ST/STM32_USB_Device_Library/Core/Src/usbd_ctlreq.o
 .text.USBD_CtlSendData
                0x0800dcf8       0x3c ./Middlewares/ST/STM32_USB_Device_Library/Core/Src/usbd_ioreq.o
                0x0800dcf8                USBD_CtlSendData
 .text.USBD_CtlContinueSendData
                0x0800dd34       0x22 ./Middlewares/ST/STM32_USB_Device_Library/Core/Src/usbd_ioreq.o
                0x0800dd34                USBD_CtlContinueSendData
 .text.USBD_CtlPrepareRx
                0x0800dd56       0x42 ./Middlewares/ST/STM32_USB_Device_Library/Core/Src/usbd_ioreq.o
                0x0800dd56                USBD_CtlPrepareRx
 .text.USBD_CtlContinueRx
                0x0800dd98       0x22 ./Middlewares/ST/STM32_USB_Device_Library/Core/Src/usbd_ioreq.o
                0x0800dd98                USBD_CtlContinueRx
 .text.USBD_CtlSendStatus
                0x0800ddba       0x26 ./Middlewares/ST/STM32_USB_Device_Library/Core/Src/usbd_ioreq.o
                0x0800ddba                USBD_CtlSendStatus
 .text.USBD_CtlReceiveStatus
                0x0800dde0       0x26 ./Middlewares/ST/STM32_USB_Device_Library/Core/Src/usbd_ioreq.o
                0x0800dde0                USBD_CtlReceiveStatus
 *fill*         0x0800de06        0x2 
 .text.MX_PDM2PCM_Init
                0x0800de08      0x138 ./PDM2PCM/App/pdm2pcm.o
                0x0800de08                MX_PDM2PCM_Init
 .text.MX_USB_DEVICE_Init
                0x0800df40       0x64 ./USB_DEVICE/App/usb_device.o
                0x0800df40                MX_USB_DEVICE_Init
 .text.CDC_Init_HS
                0x0800dfa4       0x28 ./USB_DEVICE/App/usbd_cdc_if.o
 .text.CDC_DeInit_HS
                0x0800dfcc       0x10 ./USB_DEVICE/App/usbd_cdc_if.o
 .text.CDC_Control_HS
                0x0800dfdc       0xbc ./USB_DEVICE/App/usbd_cdc_if.o
 .text.CDC_Receive_HS
                0x0800e098       0x28 ./USB_DEVICE/App/usbd_cdc_if.o
 .text.CDC_Transmit_HS
                0x0800e0c0       0x4c ./USB_DEVICE/App/usbd_cdc_if.o
                0x0800e0c0                CDC_Transmit_HS
 .text.CDC_TransmitCplt_HS
                0x0800e10c       0x22 ./USB_DEVICE/App/usbd_cdc_if.o
 *fill*         0x0800e12e        0x2 
 .text.USBD_HS_DeviceDescriptor
                0x0800e130       0x24 ./USB_DEVICE/App/usbd_desc.o
                0x0800e130                USBD_HS_DeviceDescriptor
 .text.USBD_HS_LangIDStrDescriptor
                0x0800e154       0x24 ./USB_DEVICE/App/usbd_desc.o
                0x0800e154                USBD_HS_LangIDStrDescriptor
 .text.USBD_HS_ProductStrDescriptor
                0x0800e178       0x3c ./USB_DEVICE/App/usbd_desc.o
                0x0800e178                USBD_HS_ProductStrDescriptor
 .text.USBD_HS_ManufacturerStrDescriptor
                0x0800e1b4       0x28 ./USB_DEVICE/App/usbd_desc.o
                0x0800e1b4                USBD_HS_ManufacturerStrDescriptor
 .text.USBD_HS_SerialStrDescriptor
                0x0800e1dc       0x24 ./USB_DEVICE/App/usbd_desc.o
                0x0800e1dc                USBD_HS_SerialStrDescriptor
 .text.USBD_HS_ConfigStrDescriptor
                0x0800e200       0x3c ./USB_DEVICE/App/usbd_desc.o
                0x0800e200                USBD_HS_ConfigStrDescriptor
 .text.USBD_HS_InterfaceStrDescriptor
                0x0800e23c       0x3c ./USB_DEVICE/App/usbd_desc.o
                0x0800e23c                USBD_HS_InterfaceStrDescriptor
 .text.Get_SerialNum
                0x0800e278       0x58 ./USB_DEVICE/App/usbd_desc.o
 .text.IntToUnicode
                0x0800e2d0       0x7e ./USB_DEVICE/App/usbd_desc.o
 *fill*         0x0800e34e        0x2 
 .text.HAL_PCD_MspInit
                0x0800e350       0xe8 ./USB_DEVICE/Target/usbd_conf.o
                0x0800e350                HAL_PCD_MspInit
 .text.HAL_PCD_SetupStageCallback
                0x0800e438       0x24 ./USB_DEVICE/Target/usbd_conf.o
                0x0800e438                HAL_PCD_SetupStageCallback
 .text.HAL_PCD_DataOutStageCallback
                0x0800e45c       0x36 ./USB_DEVICE/Target/usbd_conf.o
                0x0800e45c                HAL_PCD_DataOutStageCallback
 .text.HAL_PCD_DataInStageCallback
                0x0800e492       0x34 ./USB_DEVICE/Target/usbd_conf.o
                0x0800e492                HAL_PCD_DataInStageCallback
 .text.HAL_PCD_SOFCallback
                0x0800e4c6       0x1c ./USB_DEVICE/Target/usbd_conf.o
                0x0800e4c6                HAL_PCD_SOFCallback
 .text.HAL_PCD_ResetCallback
                0x0800e4e2       0x50 ./USB_DEVICE/Target/usbd_conf.o
                0x0800e4e2                HAL_PCD_ResetCallback
 *fill*         0x0800e532        0x2 
 .text.HAL_PCD_SuspendCallback
                0x0800e534       0x4c ./USB_DEVICE/Target/usbd_conf.o
                0x0800e534                HAL_PCD_SuspendCallback
 .text.HAL_PCD_ResumeCallback
                0x0800e580       0x1c ./USB_DEVICE/Target/usbd_conf.o
                0x0800e580                HAL_PCD_ResumeCallback
 .text.HAL_PCD_ISOOUTIncompleteCallback
                0x0800e59c       0x24 ./USB_DEVICE/Target/usbd_conf.o
                0x0800e59c                HAL_PCD_ISOOUTIncompleteCallback
 .text.HAL_PCD_ISOINIncompleteCallback
                0x0800e5c0       0x24 ./USB_DEVICE/Target/usbd_conf.o
                0x0800e5c0                HAL_PCD_ISOINIncompleteCallback
 .text.HAL_PCD_ConnectCallback
                0x0800e5e4       0x1c ./USB_DEVICE/Target/usbd_conf.o
                0x0800e5e4                HAL_PCD_ConnectCallback
 .text.HAL_PCD_DisconnectCallback
                0x0800e600       0x1c ./USB_DEVICE/Target/usbd_conf.o
                0x0800e600                HAL_PCD_DisconnectCallback
 .text.USBD_LL_Init
                0x0800e61c       0xa4 ./USB_DEVICE/Target/usbd_conf.o
                0x0800e61c                USBD_LL_Init
 .text.USBD_LL_Start
                0x0800e6c0       0x36 ./USB_DEVICE/Target/usbd_conf.o
                0x0800e6c0                USBD_LL_Start
 .text.USBD_LL_OpenEP
                0x0800e6f6       0x4c ./USB_DEVICE/Target/usbd_conf.o
                0x0800e6f6                USBD_LL_OpenEP
 .text.USBD_LL_CloseEP
                0x0800e742       0x3e ./USB_DEVICE/Target/usbd_conf.o
                0x0800e742                USBD_LL_CloseEP
 .text.USBD_LL_StallEP
                0x0800e780       0x3e ./USB_DEVICE/Target/usbd_conf.o
                0x0800e780                USBD_LL_StallEP
 .text.USBD_LL_ClearStallEP
                0x0800e7be       0x3e ./USB_DEVICE/Target/usbd_conf.o
                0x0800e7be                USBD_LL_ClearStallEP
 .text.USBD_LL_IsStallEP
                0x0800e7fc       0x58 ./USB_DEVICE/Target/usbd_conf.o
                0x0800e7fc                USBD_LL_IsStallEP
 .text.USBD_LL_SetUSBAddress
                0x0800e854       0x3e ./USB_DEVICE/Target/usbd_conf.o
                0x0800e854                USBD_LL_SetUSBAddress
 .text.USBD_LL_Transmit
                0x0800e892       0x42 ./USB_DEVICE/Target/usbd_conf.o
                0x0800e892                USBD_LL_Transmit
 .text.USBD_LL_PrepareReceive
                0x0800e8d4       0x42 ./USB_DEVICE/Target/usbd_conf.o
                0x0800e8d4                USBD_LL_PrepareReceive
 .text.USBD_LL_GetRxDataSize
                0x0800e916       0x26 ./USB_DEVICE/Target/usbd_conf.o
                0x0800e916                USBD_LL_GetRxDataSize
 .text.USBD_static_malloc
                0x0800e93c       0x1c ./USB_DEVICE/Target/usbd_conf.o
                0x0800e93c                USBD_static_malloc
 .text.USBD_static_free
                0x0800e958       0x14 ./USB_DEVICE/Target/usbd_conf.o
                0x0800e958                USBD_static_free
 .text.USBD_Get_USB_Status
                0x0800e96c       0x58 ./USB_DEVICE/Target/usbd_conf.o
                0x0800e96c                USBD_Get_USB_Status
 .text.D16_GENERIC
                0x0800e9c4      0x110 ../Middlewares/ST/STM32_Audio/Addons/PDM/Lib\libPDMFilter_CM7_GCC_wc32.a(pdm_filter.o)
 .text.D24_GENERIC
                0x0800ead4      0x178 ../Middlewares/ST/STM32_Audio/Addons/PDM/Lib\libPDMFilter_CM7_GCC_wc32.a(pdm_filter.o)
 .text.D32_GENERIC
                0x0800ec4c      0x188 ../Middlewares/ST/STM32_Audio/Addons/PDM/Lib\libPDMFilter_CM7_GCC_wc32.a(pdm_filter.o)
 .text.D48_GENERIC
                0x0800edd4      0x1e4 ../Middlewares/ST/STM32_Audio/Addons/PDM/Lib\libPDMFilter_CM7_GCC_wc32.a(pdm_filter.o)
 .text.D64_GENERIC
                0x0800efb8      0x238 ../Middlewares/ST/STM32_Audio/Addons/PDM/Lib\libPDMFilter_CM7_GCC_wc32.a(pdm_filter.o)
 .text.D80_GENERIC
                0x0800f1f0      0x298 ../Middlewares/ST/STM32_Audio/Addons/PDM/Lib\libPDMFilter_CM7_GCC_wc32.a(pdm_filter.o)
 .text.D128_GENERIC
                0x0800f488      0x3b8 ../Middlewares/ST/STM32_Audio/Addons/PDM/Lib\libPDMFilter_CM7_GCC_wc32.a(pdm_filter.o)
 .text.D16_1CH_HTONS_VOL_HP
                0x0800f840       0xe0 ../Middlewares/ST/STM32_Audio/Addons/PDM/Lib\libPDMFilter_CM7_GCC_wc32.a(pdm_filter.o)
 .text.D24_1CH_HTONS_VOL_HP
                0x0800f920      0x13c ../Middlewares/ST/STM32_Audio/Addons/PDM/Lib\libPDMFilter_CM7_GCC_wc32.a(pdm_filter.o)
 .text.D32_1CH_HTONS_VOL_HP
                0x0800fa5c      0x12c ../Middlewares/ST/STM32_Audio/Addons/PDM/Lib\libPDMFilter_CM7_GCC_wc32.a(pdm_filter.o)
 .text.D48_1CH_HTONS_VOL_HP
                0x0800fb88      0x16c ../Middlewares/ST/STM32_Audio/Addons/PDM/Lib\libPDMFilter_CM7_GCC_wc32.a(pdm_filter.o)
 .text.D64_1CH_HTONS_VOL_HP
                0x0800fcf4      0x1ac ../Middlewares/ST/STM32_Audio/Addons/PDM/Lib\libPDMFilter_CM7_GCC_wc32.a(pdm_filter.o)
 .text.D80_1CH_HTONS_VOL_HP
                0x0800fea0      0x1fc ../Middlewares/ST/STM32_Audio/Addons/PDM/Lib\libPDMFilter_CM7_GCC_wc32.a(pdm_filter.o)
 .text.D128_1CH_HTONS_VOL_HP
                0x0801009c      0x2ec ../Middlewares/ST/STM32_Audio/Addons/PDM/Lib\libPDMFilter_CM7_GCC_wc32.a(pdm_filter.o)
 .text.PDM_Filter_Init
                0x08010388      0x1a0 ../Middlewares/ST/STM32_Audio/Addons/PDM/Lib\libPDMFilter_CM7_GCC_wc32.a(pdm_filter.o)
                0x08010388                PDM_Filter_Init
 .text.PDM_Filter_setConfig
                0x08010528      0x1f4 ../Middlewares/ST/STM32_Audio/Addons/PDM/Lib\libPDMFilter_CM7_GCC_wc32.a(pdm_filter.o)
                0x08010528                PDM_Filter_setConfig
 .text.PDM_Filter
                0x0801071c       0x34 ../Middlewares/ST/STM32_Audio/Addons/PDM/Lib\libPDMFilter_CM7_GCC_wc32.a(pdm_filter.o)
                0x0801071c                PDM_Filter
 .text.memset   0x08010750       0x10 C:/ST/STM32CubeIDE_1.19.0/STM32CubeIDE/plugins/com.st.stm32cube.ide.mcu.externaltools.gnu-tools-for-stm32.14.3.rel1.win32_1.0.100.202602081740/tools/bin/../lib/gcc/arm-none-eabi/14.3.1/../../../../arm-none-eabi/lib/thumb/v7e-m+dp/hard\libc_nano.a(libc_a-memset.o)
                0x08010750                memset
 .text.__errno  0x08010760        0xc C:/ST/STM32CubeIDE_1.19.0/STM32CubeIDE/plugins/com.st.stm32cube.ide.mcu.externaltools.gnu-tools-for-stm32.14.3.rel1.win32_1.0.100.202602081740/tools/bin/../lib/gcc/arm-none-eabi/14.3.1/../../../../arm-none-eabi/lib/thumb/v7e-m+dp/hard\libc_nano.a(libc_a-errno.o)
                0x08010760                __errno
 .text.__libc_init_array
                0x0801076c       0x48 C:/ST/STM32CubeIDE_1.19.0/STM32CubeIDE/plugins/com.st.stm32cube.ide.mcu.externaltools.gnu-tools-for-stm32.14.3.rel1.win32_1.0.100.202602081740/tools/bin/../lib/gcc/arm-none-eabi/14.3.1/../../../../arm-none-eabi/lib/thumb/v7e-m+dp/hard\libc_nano.a(libc_a-init.o)
                0x0801076c                __libc_init_array
 .text.memcpy   0x080107b4       0x1c C:/ST/STM32CubeIDE_1.19.0/STM32CubeIDE/plugins/com.st.stm32cube.ide.mcu.externaltools.gnu-tools-for-stm32.14.3.rel1.win32_1.0.100.202602081740/tools/bin/../lib/gcc/arm-none-eabi/14.3.1/../../../../arm-none-eabi/lib/thumb/v7e-m+dp/hard\libc_nano.a(libc_a-memcpy-stub.o)
                0x080107b4                memcpy
 .text.powf     0x080107d0      0x338 C:/ST/STM32CubeIDE_1.19.0/STM32CubeIDE/plugins/com.st.stm32cube.ide.mcu.externaltools.gnu-tools-for-stm32.14.3.rel1.win32_1.0.100.202602081740/tools/bin/../lib/gcc/arm-none-eabi/14.3.1/../../../../arm-none-eabi/lib/thumb/v7e-m+dp/hard\libm.a(libm_a-sf_pow.o)
                0x080107d0                powf
 .text.with_errnof
                0x08010b08       0x1c C:/ST/STM32CubeIDE_1.19.0/STM32CubeIDE/plugins/com.st.stm32cube.ide.mcu.externaltools.gnu-tools-for-stm32.14.3.rel1.win32_1.0.100.202602081740/tools/bin/../lib/gcc/arm-none-eabi/14.3.1/../../../../arm-none-eabi/lib/thumb/v7e-m+dp/hard\libm.a(libm_a-math_errf.o)
 .text.xflowf   0x08010b24       0x20 C:/ST/STM32CubeIDE_1.19.0/STM32CubeIDE/plugins/com.st.stm32cube.ide.mcu.externaltools.gnu-tools-for-stm32.14.3.rel1.win32_1.0.100.202602081740/tools/bin/../lib/gcc/arm-none-eabi/14.3.1/../../../../arm-none-eabi/lib/thumb/v7e-m+dp/hard\libm.a(libm_a-math_errf.o)
 .text.__math_uflowf
                0x08010b44        0xc C:/ST/STM32CubeIDE_1.19.0/STM32CubeIDE/plugins/com.st.stm32cube.ide.mcu.externaltools.gnu-tools-for-stm32.14.3.rel1.win32_1.0.100.202602081740/tools/bin/../lib/gcc/arm-none-eabi/14.3.1/../../../../arm-none-eabi/lib/thumb/v7e-m+dp/hard\libm.a(libm_a-math_errf.o)
                0x08010b44                __math_uflowf
 .text.__math_may_uflowf
                0x08010b50        0xc C:/ST/STM32CubeIDE_1.19.0/STM32CubeIDE/plugins/com.st.stm32cube.ide.mcu.externaltools.gnu-tools-for-stm32.14.3.rel1.win32_1.0.100.202602081740/tools/bin/../lib/gcc/arm-none-eabi/14.3.1/../../../../arm-none-eabi/lib/thumb/v7e-m+dp/hard\libm.a(libm_a-math_errf.o)
                0x08010b50                __math_may_uflowf
 .text.__math_oflowf
                0x08010b5c        0xc C:/ST/STM32CubeIDE_1.19.0/STM32CubeIDE/plugins/com.st.stm32cube.ide.mcu.externaltools.gnu-tools-for-stm32.14.3.rel1.win32_1.0.100.202602081740/tools/bin/../lib/gcc/arm-none-eabi/14.3.1/../../../../arm-none-eabi/lib/thumb/v7e-m+dp/hard\libm.a(libm_a-math_errf.o)
                0x08010b5c                __math_oflowf
 .text.__math_divzerof
                0x08010b68       0x24 C:/ST/STM32CubeIDE_1.19.0/STM32CubeIDE/plugins/com.st.stm32cube.ide.mcu.externaltools.gnu-tools-for-stm32.14.3.rel1.win32_1.0.100.202602081740/tools/bin/../lib/gcc/arm-none-eabi/14.3.1/../../../../arm-none-eabi/lib/thumb/v7e-m+dp/hard\libm.a(libm_a-math_errf.o)
                0x08010b68                __math_divzerof
 .text.__math_invalidf
                0x08010b8c       0x20 C:/ST/STM32CubeIDE_1.19.0/STM32CubeIDE/plugins/com.st.stm32cube.ide.mcu.externaltools.gnu-tools-for-stm32.14.3.rel1.win32_1.0.100.202602081740/tools/bin/../lib/gcc/arm-none-eabi/14.3.1/../../../../arm-none-eabi/lib/thumb/v7e-m+dp/hard\libm.a(libm_a-math_errf.o)
                0x08010b8c                __math_invalidf
 *(.glue_7)
 .glue_7        0x08010bac        0x0 linker stubs
 *(.glue_7t)
 .glue_7t       0x08010bac        0x0 linker stubs
 *(.eh_frame)
 .eh_frame      0x08010bac        0x0 C:/ST/STM32CubeIDE_1.19.0/STM32CubeIDE/plugins/com.st.stm32cube.ide.mcu.externaltools.gnu-tools-for-stm32.14.3.rel1.win32_1.0.100.202602081740/tools/bin/../lib/gcc/arm-none-eabi/14.3.1/thumb/v7e-m+dp/hard/crtbegin.o
 *(.init)
 .init          0x08010bac        0x4 C:/ST/STM32CubeIDE_1.19.0/STM32CubeIDE/plugins/com.st.stm32cube.ide.mcu.externaltools.gnu-tools-for-stm32.14.3.rel1.win32_1.0.100.202602081740/tools/bin/../lib/gcc/arm-none-eabi/14.3.1/thumb/v7e-m+dp/hard/crti.o
                0x08010bac                _init
 .init          0x08010bb0        0x8 C:/ST/STM32CubeIDE_1.19.0/STM32CubeIDE/plugins/com.st.stm32cube.ide.mcu.externaltools.gnu-tools-for-stm32.14.3.rel1.win32_1.0.100.202602081740/tools/bin/../lib/gcc/arm-none-eabi/14.3.1/thumb/v7e-m+dp/hard/crtn.o
 *(.fini)
 .fini          0x08010bb8        0x4 C:/ST/STM32CubeIDE_1.19.0/STM32CubeIDE/plugins/com.st.stm32cube.ide.mcu.externaltools.gnu-tools-for-stm32.14.3.rel1.win32_1.0.100.202602081740/tools/bin/../lib/gcc/arm-none-eabi/14.3.1/thumb/v7e-m+dp/hard/crti.o
                0x08010bb8                _fini
 .fini          0x08010bbc        0x8 C:/ST/STM32CubeIDE_1.19.0/STM32CubeIDE/plugins/com.st.stm32cube.ide.mcu.externaltools.gnu-tools-for-stm32.14.3.rel1.win32_1.0.100.202602081740/tools/bin/../lib/gcc/arm-none-eabi/14.3.1/thumb/v7e-m+dp/hard/crtn.o
                0x08010bc4                        . = ALIGN (0x4)
                0x08010bc4                        _etext = .

.vfp11_veneer   0x08010bc4        0x0
 .vfp11_veneer  0x08010bc4        0x0 linker stubs

.v4_bx          0x08010bc4        0x0
 .v4_bx         0x08010bc4        0x0 linker stubs

.iplt           0x08010bc4        0x0
 .iplt          0x08010bc4        0x0 C:/ST/STM32CubeIDE_1.19.0/STM32CubeIDE/plugins/com.st.stm32cube.ide.mcu.externaltools.gnu-tools-for-stm32.14.3.rel1.win32_1.0.100.202602081740/tools/bin/../lib/gcc/arm-none-eabi/14.3.1/thumb/v7e-m+dp/hard/crtbegin.o

.rodata         0x08010bc8      0x330
                0x08010bc8                        . = ALIGN (0x4)
 *(.rodata)
 .rodata        0x08010bc8       0x38 ../Middlewares/ST/STM32_Audio/Addons/PDM/Lib\libPDMFilter_CM7_GCC_wc32.a(pdm_filter.o)
 *(.rodata*)
 .rodata.D1CorePrescTable
                0x08010c00       0x10 ./Core/Src/system_stm32h7xx.o
                0x08010c00                D1CorePrescTable
 .rodata.LED_PIN
                0x08010c10        0x6 ./Drivers/BSP/STM32H7xx_Nucleo/stm32h7xx_nucleo.o
 *fill*         0x08010c16        0x2 
 .rodata.BUTTON_EXTI_LINE.2
                0x08010c18        0x4 ./Drivers/BSP/STM32H7xx_Nucleo/stm32h7xx_nucleo.o
 .rodata.flagBitshiftOffset.0
                0x08010c1c        0x8 ./Drivers/STM32H7xx_HAL_Driver/Src/stm32h7xx_hal_dma.o
 .rodata.UARTPrescTable
                0x08010c24       0x18 ./Drivers/STM32H7xx_HAL_Driver/Src/stm32h7xx_hal_uart.o
                0x08010c24                UARTPrescTable
 .rodata.USBD_HS_ProductStrDescriptor.str1.4
                0x08010c3c       0x46 ./USB_DEVICE/App/usbd_desc.o
                                 0x16 (size before relaxing)
 .rodata.USBD_HS_ManufacturerStrDescriptor.str1.4
                0x08010c82       0x13 ./USB_DEVICE/App/usbd_desc.o
 .rodata.USBD_HS_ConfigStrDescriptor.str1.4
                0x08010c82        0xb ./USB_DEVICE/App/usbd_desc.o
 .rodata.USBD_HS_InterfaceStrDescriptor.str1.4
                0x08010c82        0xe ./USB_DEVICE/App/usbd_desc.o
 *fill*         0x08010c82        0x6 
 .rodata.__exp2f_data
                0x08010c88      0x148 C:/ST/STM32CubeIDE_1.19.0/STM32CubeIDE/plugins/com.st.stm32cube.ide.mcu.externaltools.gnu-tools-for-stm32.14.3.rel1.win32_1.0.100.202602081740/tools/bin/../lib/gcc/arm-none-eabi/14.3.1/../../../../arm-none-eabi/lib/thumb/v7e-m+dp/hard\libm.a(libm_a-sf_exp2_data.o)
                0x08010c88                __exp2f_data
 .rodata.__powf_log2_data
                0x08010dd0      0x128 C:/ST/STM32CubeIDE_1.19.0/STM32CubeIDE/plugins/com.st.stm32cube.ide.mcu.externaltools.gnu-tools-for-stm32.14.3.rel1.win32_1.0.100.202602081740/tools/bin/../lib/gcc/arm-none-eabi/14.3.1/../../../../arm-none-eabi/lib/thumb/v7e-m+dp/hard\libm.a(libm_a-sf_pow_log2_data.o)
                0x08010dd0                __powf_log2_data
                0x08010ef8                        . = ALIGN (0x4)

.ARM.extab
 *(.ARM.extab* .gnu.linkonce.armextab.*)

.ARM            0x08010ef8        0x8
                0x08010ef8                        __exidx_start = .
 *(.ARM.exidx*)
 .ARM.exidx     0x08010ef8        0x8 C:/ST/STM32CubeIDE_1.19.0/STM32CubeIDE/plugins/com.st.stm32cube.ide.mcu.externaltools.gnu-tools-for-stm32.14.3.rel1.win32_1.0.100.202602081740/tools/bin/../lib/gcc/arm-none-eabi/14.3.1/thumb/v7e-m+dp/hard\libgcc.a(_udivmoddi4.o)
                0x08010f00                        __exidx_end = .

.preinit_array  0x08010f00        0x0
                0x08010f00                        PROVIDE (__preinit_array_start = .)
 *(.preinit_array*)
                0x08010f00                        PROVIDE (__preinit_array_end = .)

.init_array     0x08010f00        0x4
                0x08010f00                        PROVIDE (__init_array_start = .)
 *(SORT_BY_NAME(.init_array.*))
 *(.init_array*)
 .init_array    0x08010f00        0x4 C:/ST/STM32CubeIDE_1.19.0/STM32CubeIDE/plugins/com.st.stm32cube.ide.mcu.externaltools.gnu-tools-for-stm32.14.3.rel1.win32_1.0.100.202602081740/tools/bin/../lib/gcc/arm-none-eabi/14.3.1/thumb/v7e-m+dp/hard/crtbegin.o
                0x08010f04                        PROVIDE (__init_array_end = .)

.fini_array     0x08010f04        0x4
                [!provide]                        PROVIDE (__fini_array_start = .)
 *(SORT_BY_NAME(.fini_array.*))
 *(.fini_array*)
 .fini_array    0x08010f04        0x4 C:/ST/STM32CubeIDE_1.19.0/STM32CubeIDE/plugins/com.st.stm32cube.ide.mcu.externaltools.gnu-tools-for-stm32.14.3.rel1.win32_1.0.100.202602081740/tools/bin/../lib/gcc/arm-none-eabi/14.3.1/thumb/v7e-m+dp/hard/crtbegin.o
                [!provide]                        PROVIDE (__fini_array_end = .)
                0x08010f08                        _sidata = LOADADDR (.data)

.rel.dyn        0x08010f08        0x0
 .rel.iplt      0x08010f08        0x0 C:/ST/STM32CubeIDE_1.19.0/STM32CubeIDE/plugins/com.st.stm32cube.ide.mcu.externaltools.gnu-tools-for-stm32.14.3.rel1.win32_1.0.100.202602081740/tools/bin/../lib/gcc/arm-none-eabi/14.3.1/thumb/v7e-m+dp/hard/crtbegin.o

.data           0x24000000      0x570 load address 0x08010f08
                0x24000000                        . = ALIGN (0x4)
                0x24000000                        _sdata = .
 *(.data)
 .data          0x24000000      0x400 ../Middlewares/ST/STM32_Audio/Addons/PDM/Lib\libPDMFilter_CM7_GCC_wc32.a(pdm_filter.o)
 *(.data*)
 .data.SystemCoreClock
                0x24000400        0x4 ./Core/Src/system_stm32h7xx.o
                0x24000400                SystemCoreClock
 .data.SystemD2Clock
                0x24000404        0x4 ./Core/Src/system_stm32h7xx.o
                0x24000404                SystemD2Clock
 .data.COM_USART
                0x24000408        0x4 ./Drivers/BSP/STM32H7xx_Nucleo/stm32h7xx_nucleo.o
                0x24000408                COM_USART
 .data.LED_PORT
                0x2400040c        0xc ./Drivers/BSP/STM32H7xx_Nucleo/stm32h7xx_nucleo.o
 .data.BUTTON_PORT
                0x24000418        0x4 ./Drivers/BSP/STM32H7xx_Nucleo/stm32h7xx_nucleo.o
 .data.ButtonCallback.1
                0x2400041c        0x4 ./Drivers/BSP/STM32H7xx_Nucleo/stm32h7xx_nucleo.o
 .data.BSP_BUTTON_PRIO.0
                0x24000420        0x4 ./Drivers/BSP/STM32H7xx_Nucleo/stm32h7xx_nucleo.o
 .data.uwTickPrio
                0x24000424        0x4 ./Drivers/STM32H7xx_HAL_Driver/Src/stm32h7xx_hal.o
                0x24000424                uwTickPrio
 .data.uwTickFreq
                0x24000428        0x1 ./Drivers/STM32H7xx_HAL_Driver/Src/stm32h7xx_hal.o
                0x24000428                uwTickFreq
 *fill*         0x24000429        0x3 
 .data.USBD_CDC_DeviceQualifierDesc
                0x2400042c        0xa ./Middlewares/ST/STM32_USB_Device_Library/Class/CDC/Src/usbd_cdc.o
 *fill*         0x24000436        0x2 
 .data.USBD_CDC
                0x24000438       0x38 ./Middlewares/ST/STM32_USB_Device_Library/Class/CDC/Src/usbd_cdc.o
                0x24000438                USBD_CDC
 .data.USBD_CDC_CfgDesc
                0x24000470       0x43 ./Middlewares/ST/STM32_USB_Device_Library/Class/CDC/Src/usbd_cdc.o
 .data.CDCInEpAdd
                0x240004b3        0x1 ./Middlewares/ST/STM32_USB_Device_Library/Class/CDC/Src/usbd_cdc.o
 .data.CDCOutEpAdd
                0x240004b4        0x1 ./Middlewares/ST/STM32_USB_Device_Library/Class/CDC/Src/usbd_cdc.o
 .data.CDCCmdEpAdd
                0x240004b5        0x1 ./Middlewares/ST/STM32_USB_Device_Library/Class/CDC/Src/usbd_cdc.o
 .data.CDC_Ready
                0x240004b6        0x1 ./USB_DEVICE/App/usb_device.o
                0x240004b6                CDC_Ready
 *fill*         0x240004b7        0x1 
 .data.USBD_Interface_fops_HS
                0x240004b8       0x14 ./USB_DEVICE/App/usbd_cdc_if.o
                0x240004b8                USBD_Interface_fops_HS
 .data.HS_Desc  0x240004cc       0x20 ./USB_DEVICE/App/usbd_desc.o
                0x240004cc                HS_Desc
 .data.USBD_HS_DeviceDesc
                0x240004ec       0x12 ./USB_DEVICE/App/usbd_desc.o
                0x240004ec                USBD_HS_DeviceDesc
 *fill*         0x240004fe        0x2 
 .data.USBD_LangIDDesc
                0x24000500        0x4 ./USB_DEVICE/App/usbd_desc.o
                0x24000500                USBD_LangIDDesc
 .data.USBD_StringSerial
                0x24000504       0x1a ./USB_DEVICE/App/usbd_desc.o
                0x24000504                USBD_StringSerial
 *fill*         0x2400051e        0x2 
 .data._impure_ptr
                0x24000520        0x4 C:/ST/STM32CubeIDE_1.19.0/STM32CubeIDE/plugins/com.st.stm32cube.ide.mcu.externaltools.gnu-tools-for-stm32.14.3.rel1.win32_1.0.100.202602081740/tools/bin/../lib/gcc/arm-none-eabi/14.3.1/../../../../arm-none-eabi/lib/thumb/v7e-m+dp/hard\libc_nano.a(libc_a-impure.o)
                0x24000520                _impure_ptr
 .data._impure_data
                0x24000524       0x4c C:/ST/STM32CubeIDE_1.19.0/STM32CubeIDE/plugins/com.st.stm32cube.ide.mcu.externaltools.gnu-tools-for-stm32.14.3.rel1.win32_1.0.100.202602081740/tools/bin/../lib/gcc/arm-none-eabi/14.3.1/../../../../arm-none-eabi/lib/thumb/v7e-m+dp/hard\libc_nano.a(libc_a-impure.o)
                0x24000524                _impure_data
 *(.RamFunc)
 *(.RamFunc*)
                0x24000570                        . = ALIGN (0x4)
                0x24000570                        _edata = .

.igot.plt       0x24000570        0x0 load address 0x08011478
 .igot.plt      0x24000570        0x0 C:/ST/STM32CubeIDE_1.19.0/STM32CubeIDE/plugins/com.st.stm32cube.ide.mcu.externaltools.gnu-tools-for-stm32.14.3.rel1.win32_1.0.100.202602081740/tools/bin/../lib/gcc/arm-none-eabi/14.3.1/thumb/v7e-m+dp/hard/crtbegin.o
                0x24000570                        . = ALIGN (0x4)

.bss            0x24000570     0x21b8 load address 0x08011478
                0x24000570                        _sbss = .
                0x24000570                        __bss_start__ = _sbss
 *(.bss)
 .bss           0x24000570       0x1c C:/ST/STM32CubeIDE_1.19.0/STM32CubeIDE/plugins/com.st.stm32cube.ide.mcu.externaltools.gnu-tools-for-stm32.14.3.rel1.win32_1.0.100.202602081740/tools/bin/../lib/gcc/arm-none-eabi/14.3.1/thumb/v7e-m+dp/hard/crtbegin.o
 .bss           0x2400058c        0x1 ../Middlewares/ST/STM32_Audio/Addons/PDM/Lib\libPDMFilter_CM7_GCC_wc32.a(pdm_filter.o)
 *(.bss*)
 *fill*         0x2400058d        0x3 
 .bss.BspCOMInit
                0x24000590       0x10 ./Core/Src/main.o
                0x24000590                BspCOMInit
 .bss.hcrc      0x240005a0       0x24 ./Core/Src/main.o
                0x240005a0                hcrc
 .bss.hsai_BlockA1
                0x240005c4       0x98 ./Core/Src/main.o
                0x240005c4                hsai_BlockA1
 .bss.hdma_sai1_a
                0x2400065c       0x78 ./Core/Src/main.o
                0x2400065c                hdma_sai1_a
 .bss.sai_pdm_half_ready
                0x240006d4        0x1 ./Core/Src/main.o
                0x240006d4                sai_pdm_half_ready
 .bss.sai_pdm_full_ready
                0x240006d5        0x1 ./Core/Src/main.o
                0x240006d5                sai_pdm_full_ready
 *fill*         0x240006d6        0x2 
 .bss.usb_ok    0x240006d8        0x4 ./Core/Src/main.o
                0x240006d8                usb_ok
 .bss.usb_busy  0x240006dc        0x4 ./Core/Src/main.o
                0x240006dc                usb_busy
 .bss.usb_fail  0x240006e0        0x4 ./Core/Src/main.o
                0x240006e0                usb_fail
 .bss.pdm_buffer
                0x240006e4      0x100 ./Core/Src/main.o
                0x240006e4                pdm_buffer
 .bss.pcm_buffer
                0x240007e4       0x40 ./Core/Src/main.o
                0x240007e4                pcm_buffer
 .bss.usb_tx_buff
                0x24000824       0x42 ./Core/Src/main.o
                0x24000824                usb_tx_buff
 *fill*         0x24000866        0x2 
 .bss.half_cnt  0x24000868        0x4 ./Core/Src/main.o
                0x24000868                half_cnt
 .bss.full_cnt  0x2400086c        0x4 ./Core/Src/main.o
                0x2400086c                full_cnt
 .bss.SAI1_client
                0x24000870        0x4 ./Core/Src/stm32h7xx_hal_msp.o
 .bss.hpb_exti  0x24000874        0x8 ./Drivers/BSP/STM32H7xx_Nucleo/stm32h7xx_nucleo.o
                0x24000874                hpb_exti
 .bss.hcom_uart
                0x2400087c       0x94 ./Drivers/BSP/STM32H7xx_Nucleo/stm32h7xx_nucleo.o
                0x2400087c                hcom_uart
 .bss.uwTick    0x24000910        0x4 ./Drivers/STM32H7xx_HAL_Driver/Src/stm32h7xx_hal.o
                0x24000910                uwTick
 .bss.cfgidx.0  0x24000914        0x1 ./Middlewares/ST/STM32_USB_Device_Library/Core/Src/usbd_ctlreq.o
 *fill*         0x24000915        0x3 
 .bss.PDM_FilterHandler
                0x24000918       0x98 ./PDM2PCM/App/pdm2pcm.o
                0x24000918                PDM_FilterHandler
 .bss.PDM_FilterConfig
                0x240009b0        0xc ./PDM2PCM/App/pdm2pcm.o
                0x240009b0                PDM_FilterConfig
 .bss.PDM1_filter_handler
                0x240009bc       0x4c ./PDM2PCM/App/pdm2pcm.o
                0x240009bc                PDM1_filter_handler
 .bss.PDM1_filter_config
                0x24000a08        0x6 ./PDM2PCM/App/pdm2pcm.o
                0x24000a08                PDM1_filter_config
 *fill*         0x24000a0e        0x2 
 .bss.hUsbDeviceHS
                0x24000a10      0x2dc ./USB_DEVICE/App/usb_device.o
                0x24000a10                hUsbDeviceHS
 .bss.UserRxBufferHS
                0x24000cec      0x800 ./USB_DEVICE/App/usbd_cdc_if.o
                0x24000cec                UserRxBufferHS
 .bss.UserTxBufferHS
                0x240014ec      0x800 ./USB_DEVICE/App/usbd_cdc_if.o
                0x240014ec                UserTxBufferHS
 .bss.USBD_StrDesc
                0x24001cec      0x200 ./USB_DEVICE/App/usbd_desc.o
                0x24001cec                USBD_StrDesc
 .bss.hpcd_USB_OTG_HS
                0x24001eec      0x4e4 ./USB_DEVICE/Target/usbd_conf.o
                0x24001eec                hpcd_USB_OTG_HS
 .bss.mem.0     0x240023d0      0x220 ./USB_DEVICE/Target/usbd_conf.o
 .bss.__sf      0x240025f0      0x138 C:/ST/STM32CubeIDE_1.19.0/STM32CubeIDE/plugins/com.st.stm32cube.ide.mcu.externaltools.gnu-tools-for-stm32.14.3.rel1.win32_1.0.100.202602081740/tools/bin/../lib/gcc/arm-none-eabi/14.3.1/../../../../arm-none-eabi/lib/thumb/v7e-m+dp/hard\libc_nano.a(libc_a-findfp.o)
                0x240025f0                __sf
 *(COMMON)
                0x24002728                        . = ALIGN (0x4)
                0x24002728                        _ebss = .
                0x24002728                        __bss_end__ = _ebss

._user_heap_stack
                0x24002728      0x600 load address 0x08011478
                0x24002728                        . = ALIGN (0x8)
                [!provide]                        PROVIDE (end = .)
                0x24002728                        PROVIDE (_end = .)
                0x24002928                        . = (. + _Min_Heap_Size)
 *fill*         0x24002728      0x200 
                0x24002d28                        . = (. + _Min_Stack_Size)
 *fill*         0x24002928      0x400 
                0x24002d28                        . = ALIGN (0x8)

/DISCARD/
 libc.a(*)
 libm.a(*)
 libgcc.a(*)

.ARM.attributes
                0x00000000       0x2e
 *(.ARM.attributes)
 .ARM.attributes
                0x00000000       0x20 C:/ST/STM32CubeIDE_1.19.0/STM32CubeIDE/plugins/com.st.stm32cube.ide.mcu.externaltools.gnu-tools-for-stm32.14.3.rel1.win32_1.0.100.202602081740/tools/bin/../lib/gcc/arm-none-eabi/14.3.1/thumb/v7e-m+dp/hard/crti.o
 .ARM.attributes
                0x00000020       0x32 C:/ST/STM32CubeIDE_1.19.0/STM32CubeIDE/plugins/com.st.stm32cube.ide.mcu.externaltools.gnu-tools-for-stm32.14.3.rel1.win32_1.0.100.202602081740/tools/bin/../lib/gcc/arm-none-eabi/14.3.1/thumb/v7e-m+dp/hard/crtbegin.o
 .ARM.attributes
                0x00000052       0x32 ./Core/Src/main.o
 .ARM.attributes
                0x00000084       0x32 ./Core/Src/stm32h7xx_hal_msp.o
 .ARM.attributes
                0x000000b6       0x32 ./Core/Src/stm32h7xx_it.o
 .ARM.attributes
                0x000000e8       0x32 ./Core/Src/system_stm32h7xx.o
 .ARM.attributes
                0x0000011a       0x21 ./Core/Startup/startup_stm32h753zitx.o
 .ARM.attributes
                0x0000013b       0x32 ./Drivers/BSP/STM32H7xx_Nucleo/stm32h7xx_nucleo.o
 .ARM.attributes
                0x0000016d       0x32 ./Drivers/STM32H7xx_HAL_Driver/Src/stm32h7xx_hal.o
 .ARM.attributes
                0x0000019f       0x32 ./Drivers/STM32H7xx_HAL_Driver/Src/stm32h7xx_hal_cortex.o
 .ARM.attributes
                0x000001d1       0x32 ./Drivers/STM32H7xx_HAL_Driver/Src/stm32h7xx_hal_crc.o
 .ARM.attributes
                0x00000203       0x32 ./Drivers/STM32H7xx_HAL_Driver/Src/stm32h7xx_hal_crc_ex.o
 .ARM.attributes
                0x00000235       0x32 ./Drivers/STM32H7xx_HAL_Driver/Src/stm32h7xx_hal_dma.o
 .ARM.attributes
                0x00000267       0x32 ./Drivers/STM32H7xx_HAL_Driver/Src/stm32h7xx_hal_exti.o
 .ARM.attributes
                0x00000299       0x32 ./Drivers/STM32H7xx_HAL_Driver/Src/stm32h7xx_hal_gpio.o
 .ARM.attributes
                0x000002cb       0x32 ./Drivers/STM32H7xx_HAL_Driver/Src/stm32h7xx_hal_pcd.o
 .ARM.attributes
                0x000002fd       0x32 ./Drivers/STM32H7xx_HAL_Driver/Src/stm32h7xx_hal_pcd_ex.o
 .ARM.attributes
                0x0000032f       0x32 ./Drivers/STM32H7xx_HAL_Driver/Src/stm32h7xx_hal_pwr_ex.o
 .ARM.attributes
                0x00000361       0x32 ./Drivers/STM32H7xx_HAL_Driver/Src/stm32h7xx_hal_rcc.o
 .ARM.attributes
                0x00000393       0x32 ./Drivers/STM32H7xx_HAL_Driver/Src/stm32h7xx_hal_rcc_ex.o
 .ARM.attributes
                0x000003c5       0x32 ./Drivers/STM32H7xx_HAL_Driver/Src/stm32h7xx_hal_sai.o
 .ARM.attributes
                0x000003f7       0x32 ./Drivers/STM32H7xx_HAL_Driver/Src/stm32h7xx_hal_uart.o
 .ARM.attributes
                0x00000429       0x32 ./Drivers/STM32H7xx_HAL_Driver/Src/stm32h7xx_ll_usb.o
 .ARM.attributes
                0x0000045b       0x32 ./Middlewares/ST/STM32_USB_Device_Library/Class/CDC/Src/usbd_cdc.o
 .ARM.attributes
                0x0000048d       0x32 ./Middlewares/ST/STM32_USB_Device_Library/Core/Src/usbd_core.o
 .ARM.attributes
                0x000004bf       0x32 ./Middlewares/ST/STM32_USB_Device_Library/Core/Src/usbd_ctlreq.o
 .ARM.attributes
                0x000004f1       0x32 ./Middlewares/ST/STM32_USB_Device_Library/Core/Src/usbd_ioreq.o
 .ARM.attributes
                0x00000523       0x32 ./PDM2PCM/App/pdm2pcm.o
 .ARM.attributes
                0x00000555       0x32 ./USB_DEVICE/App/usb_device.o
 .ARM.attributes
                0x00000587       0x32 ./USB_DEVICE/App/usbd_cdc_if.o
 .ARM.attributes
                0x000005b9       0x32 ./USB_DEVICE/App/usbd_desc.o
 .ARM.attributes
                0x000005eb       0x32 ./USB_DEVICE/Target/usbd_conf.o
 .ARM.attributes
                0x0000061d       0x35 ../Middlewares/ST/STM32_Audio/Addons/PDM/Lib\libPDMFilter_CM7_GCC_wc32.a(pdm_filter.o)
 .ARM.attributes
                0x00000652       0x32 C:/ST/STM32CubeIDE_1.19.0/STM32CubeIDE/plugins/com.st.stm32cube.ide.mcu.externaltools.gnu-tools-for-stm32.14.3.rel1.win32_1.0.100.202602081740/tools/bin/../lib/gcc/arm-none-eabi/14.3.1/../../../../arm-none-eabi/lib/thumb/v7e-m+dp/hard\libc_nano.a(libc_a-findfp.o)
 .ARM.attributes
                0x00000684       0x32 C:/ST/STM32CubeIDE_1.19.0/STM32CubeIDE/plugins/com.st.stm32cube.ide.mcu.externaltools.gnu-tools-for-stm32.14.3.rel1.win32_1.0.100.202602081740/tools/bin/../lib/gcc/arm-none-eabi/14.3.1/../../../../arm-none-eabi/lib/thumb/v7e-m+dp/hard\libc_nano.a(libc_a-memset.o)
 .ARM.attributes
                0x000006b6       0x32 C:/ST/STM32CubeIDE_1.19.0/STM32CubeIDE/plugins/com.st.stm32cube.ide.mcu.externaltools.gnu-tools-for-stm32.14.3.rel1.win32_1.0.100.202602081740/tools/bin/../lib/gcc/arm-none-eabi/14.3.1/../../../../arm-none-eabi/lib/thumb/v7e-m+dp/hard\libc_nano.a(libc_a-impure.o)
 .ARM.attributes
                0x000006e8       0x32 C:/ST/STM32CubeIDE_1.19.0/STM32CubeIDE/plugins/com.st.stm32cube.ide.mcu.externaltools.gnu-tools-for-stm32.14.3.rel1.win32_1.0.100.202602081740/tools/bin/../lib/gcc/arm-none-eabi/14.3.1/../../../../arm-none-eabi/lib/thumb/v7e-m+dp/hard\libc_nano.a(libc_a-errno.o)
 .ARM.attributes
                0x0000071a       0x32 C:/ST/STM32CubeIDE_1.19.0/STM32CubeIDE/plugins/com.st.stm32cube.ide.mcu.externaltools.gnu-tools-for-stm32.14.3.rel1.win32_1.0.100.202602081740/tools/bin/../lib/gcc/arm-none-eabi/14.3.1/../../../../arm-none-eabi/lib/thumb/v7e-m+dp/hard\libc_nano.a(libc_a-init.o)
 .ARM.attributes
                0x0000074c       0x32 C:/ST/STM32CubeIDE_1.19.0/STM32CubeIDE/plugins/com.st.stm32cube.ide.mcu.externaltools.gnu-tools-for-stm32.14.3.rel1.win32_1.0.100.202602081740/tools/bin/../lib/gcc/arm-none-eabi/14.3.1/../../../../arm-none-eabi/lib/thumb/v7e-m+dp/hard\libc_nano.a(libc_a-memcpy-stub.o)
 .ARM.attributes
                0x0000077e       0x32 C:/ST/STM32CubeIDE_1.19.0/STM32CubeIDE/plugins/com.st.stm32cube.ide.mcu.externaltools.gnu-tools-for-stm32.14.3.rel1.win32_1.0.100.202602081740/tools/bin/../lib/gcc/arm-none-eabi/14.3.1/../../../../arm-none-eabi/lib/thumb/v7e-m+dp/hard\libm.a(libm_a-sf_pow.o)
 .ARM.attributes
                0x000007b0       0x32 C:/ST/STM32CubeIDE_1.19.0/STM32CubeIDE/plugins/com.st.stm32cube.ide.mcu.externaltools.gnu-tools-for-stm32.14.3.rel1.win32_1.0.100.202602081740/tools/bin/../lib/gcc/arm-none-eabi/14.3.1/../../../../arm-none-eabi/lib/thumb/v7e-m+dp/hard\libm.a(libm_a-math_errf.o)
 .ARM.attributes
                0x000007e2       0x32 C:/ST/STM32CubeIDE_1.19.0/STM32CubeIDE/plugins/com.st.stm32cube.ide.mcu.externaltools.gnu-tools-for-stm32.14.3.rel1.win32_1.0.100.202602081740/tools/bin/../lib/gcc/arm-none-eabi/14.3.1/../../../../arm-none-eabi/lib/thumb/v7e-m+dp/hard\libm.a(libm_a-sf_exp2_data.o)
 .ARM.attributes
                0x00000814       0x32 C:/ST/STM32CubeIDE_1.19.0/STM32CubeIDE/plugins/com.st.stm32cube.ide.mcu.externaltools.gnu-tools-for-stm32.14.3.rel1.win32_1.0.100.202602081740/tools/bin/../lib/gcc/arm-none-eabi/14.3.1/../../../../arm-none-eabi/lib/thumb/v7e-m+dp/hard\libm.a(libm_a-sf_pow_log2_data.o)
 .ARM.attributes
                0x00000846       0x20 C:/ST/STM32CubeIDE_1.19.0/STM32CubeIDE/plugins/com.st.stm32cube.ide.mcu.externaltools.gnu-tools-for-stm32.14.3.rel1.win32_1.0.100.202602081740/tools/bin/../lib/gcc/arm-none-eabi/14.3.1/thumb/v7e-m+dp/hard\libgcc.a(_aeabi_uldivmod.o)
 .ARM.attributes
                0x00000866       0x32 C:/ST/STM32CubeIDE_1.19.0/STM32CubeIDE/plugins/com.st.stm32cube.ide.mcu.externaltools.gnu-tools-for-stm32.14.3.rel1.win32_1.0.100.202602081740/tools/bin/../lib/gcc/arm-none-eabi/14.3.1/thumb/v7e-m+dp/hard\libgcc.a(_udivmoddi4.o)
 .ARM.attributes
                0x00000898       0x20 C:/ST/STM32CubeIDE_1.19.0/STM32CubeIDE/plugins/com.st.stm32cube.ide.mcu.externaltools.gnu-tools-for-stm32.14.3.rel1.win32_1.0.100.202602081740/tools/bin/../lib/gcc/arm-none-eabi/14.3.1/thumb/v7e-m+dp/hard\libgcc.a(_dvmd_tls.o)
 .ARM.attributes
                0x000008b8       0x20 C:/ST/STM32CubeIDE_1.19.0/STM32CubeIDE/plugins/com.st.stm32cube.ide.mcu.externaltools.gnu-tools-for-stm32.14.3.rel1.win32_1.0.100.202602081740/tools/bin/../lib/gcc/arm-none-eabi/14.3.1/thumb/v7e-m+dp/hard/crtn.o
OUTPUT(H753ZI_18_04_TEST_3.elf elf32-littlearm)
LOAD linker stubs
LOAD C:/ST/STM32CubeIDE_1.19.0/STM32CubeIDE/plugins/com.st.stm32cube.ide.mcu.externaltools.gnu-tools-for-stm32.14.3.rel1.win32_1.0.100.202602081740/tools/bin/../lib/gcc/arm-none-eabi/14.3.1/../../../../arm-none-eabi/lib/thumb/v7e-m+dp/hard\libc.a
LOAD C:/ST/STM32CubeIDE_1.19.0/STM32CubeIDE/plugins/com.st.stm32cube.ide.mcu.externaltools.gnu-tools-for-stm32.14.3.rel1.win32_1.0.100.202602081740/tools/bin/../lib/gcc/arm-none-eabi/14.3.1/../../../../arm-none-eabi/lib/thumb/v7e-m+dp/hard\libm.a
LOAD C:/ST/STM32CubeIDE_1.19.0/STM32CubeIDE/plugins/com.st.stm32cube.ide.mcu.externaltools.gnu-tools-for-stm32.14.3.rel1.win32_1.0.100.202602081740/tools/bin/../lib/gcc/arm-none-eabi/14.3.1/thumb/v7e-m+dp/hard\libgcc.a

.debug_info     0x00000000    0x1ed43
 .debug_info    0x00000000     0x2265 ./Core/Src/main.o
 .debug_info    0x00002265     0x12ec ./Core/Src/stm32h7xx_hal_msp.o
 .debug_info    0x00003551      0x9fe ./Core/Src/stm32h7xx_it.o
 .debug_info    0x00003f4f      0xdc1 ./Core/Src/system_stm32h7xx.o
 .debug_info    0x00004d10       0x30 ./Core/Startup/startup_stm32h753zitx.o
 .debug_info    0x00004d40     0x1a81 ./Drivers/BSP/STM32H7xx_Nucleo/stm32h7xx_nucleo.o
 .debug_info    0x000067c1     0x1541 ./Drivers/STM32H7xx_HAL_Driver/Src/stm32h7xx_hal.o
 .debug_info    0x00007d02     0x10c4 ./Drivers/STM32H7xx_HAL_Driver/Src/stm32h7xx_hal_cortex.o
 .debug_info    0x00008dc6      0x537 ./Drivers/STM32H7xx_HAL_Driver/Src/stm32h7xx_hal_crc.o
 .debug_info    0x000092fd      0x33b ./Drivers/STM32H7xx_HAL_Driver/Src/stm32h7xx_hal_crc_ex.o
 .debug_info    0x00009638      0xc31 ./Drivers/STM32H7xx_HAL_Driver/Src/stm32h7xx_hal_dma.o
 .debug_info    0x0000a269      0x916 ./Drivers/STM32H7xx_HAL_Driver/Src/stm32h7xx_hal_exti.o
 .debug_info    0x0000ab7f      0xc5a ./Drivers/STM32H7xx_HAL_Driver/Src/stm32h7xx_hal_gpio.o
 .debug_info    0x0000b7d9     0x1561 ./Drivers/STM32H7xx_HAL_Driver/Src/stm32h7xx_hal_pcd.o
 .debug_info    0x0000cd3a      0x8b3 ./Drivers/STM32H7xx_HAL_Driver/Src/stm32h7xx_hal_pcd_ex.o
 .debug_info    0x0000d5ed     0x1021 ./Drivers/STM32H7xx_HAL_Driver/Src/stm32h7xx_hal_pwr_ex.o
 .debug_info    0x0000e60e      0xe74 ./Drivers/STM32H7xx_HAL_Driver/Src/stm32h7xx_hal_rcc.o
 .debug_info    0x0000f482     0x1225 ./Drivers/STM32H7xx_HAL_Driver/Src/stm32h7xx_hal_rcc_ex.o
 .debug_info    0x000106a7     0x13d7 ./Drivers/STM32H7xx_HAL_Driver/Src/stm32h7xx_hal_sai.o
 .debug_info    0x00011a7e     0x4b53 ./Drivers/STM32H7xx_HAL_Driver/Src/stm32h7xx_hal_uart.o
 .debug_info    0x000165d1     0x1608 ./Drivers/STM32H7xx_HAL_Driver/Src/stm32h7xx_ll_usb.o
 .debug_info    0x00017bd9     0x133f ./Middlewares/ST/STM32_USB_Device_Library/Class/CDC/Src/usbd_cdc.o
 .debug_info    0x00018f18      0xe2d ./Middlewares/ST/STM32_USB_Device_Library/Core/Src/usbd_core.o
 .debug_info    0x00019d45      0xb06 ./Middlewares/ST/STM32_USB_Device_Library/Core/Src/usbd_ctlreq.o
 .debug_info    0x0001a84b      0x77d ./Middlewares/ST/STM32_USB_Device_Library/Core/Src/usbd_ioreq.o
 .debug_info    0x0001afc8      0x2a7 ./PDM2PCM/App/pdm2pcm.o
 .debug_info    0x0001b26f      0x742 ./USB_DEVICE/App/usb_device.o
 .debug_info    0x0001b9b1      0x922 ./USB_DEVICE/App/usbd_cdc_if.o
 .debug_info    0x0001c2d3      0x4c5 ./USB_DEVICE/App/usbd_desc.o
 .debug_info    0x0001c798     0x25ab ./USB_DEVICE/Target/usbd_conf.o

.debug_abbrev   0x00000000     0x4559
 .debug_abbrev  0x00000000      0x3cd ./Core/Src/main.o
 .debug_abbrev  0x000003cd      0x232 ./Core/Src/stm32h7xx_hal_msp.o
 .debug_abbrev  0x000005ff      0x1d2 ./Core/Src/stm32h7xx_it.o
 .debug_abbrev  0x000007d1      0x165 ./Core/Src/system_stm32h7xx.o
 .debug_abbrev  0x00000936       0x24 ./Core/Startup/startup_stm32h753zitx.o
 .debug_abbrev  0x0000095a      0x340 ./Drivers/BSP/STM32H7xx_Nucleo/stm32h7xx_nucleo.o
 .debug_abbrev  0x00000c9a      0x295 ./Drivers/STM32H7xx_HAL_Driver/Src/stm32h7xx_hal.o
 .debug_abbrev  0x00000f2f      0x339 ./Drivers/STM32H7xx_HAL_Driver/Src/stm32h7xx_hal_cortex.o
 .debug_abbrev  0x00001268      0x1ee ./Drivers/STM32H7xx_HAL_Driver/Src/stm32h7xx_hal_crc.o
 .debug_abbrev  0x00001456      0x151 ./Drivers/STM32H7xx_HAL_Driver/Src/stm32h7xx_hal_crc_ex.o